<html>
<body>
<pre>
<h1>µVision Build Log</h1>
<h2>Tool Versions:</h2>
IDE-Version: ÂµVision V5.26.2.0
Copyright (C) 2018 ARM Ltd and ARM Germany GmbH. All rights reserved.
License Information: hoda msw, FUM, LIC=14HPC-7V0DI-62JLB-2B167-A4NUH-64S80
 
Tool Versions:
Toolchain:       MDK-ARM Plus  Version: 5.26.2.0
Toolchain Path:  C:\Keil_v5\ARM\ARMCC\Bin
C Compiler:      Armcc.exe V5.06 update 6 (build 750)
Assembler:       Armasm.exe V5.06 update 6 (build 750)
Linker/Locator:  ArmLink.exe V5.06 update 6 (build 750)
Library Manager: ArmAr.exe V5.06 update 6 (build 750)
Hex Converter:   FromElf.exe V5.06 update 6 (build 750)
CPU DLL:         SARMCM3.DLL V5.26.2.0
Dialog DLL:      DCM.DLL V1.17.2.0
Target DLL:      STLink\ST-LINKIII-KEIL_SWO.dll V3.0.5.0
Dialog DLL:      TCM.DLL V1.36.1.0
 
<h2>Project:</h2>
C:\Users\User\Desktop\MicroLabprj\FUMAccessCheck\MDK-ARM\FUMAccessCheck.uvprojx
Project File Date:  07/22/2019

<h2>Output:</h2>
*** Using Compiler 'V5.06 update 6 (build 750)', folder: 'C:\Keil_v5\ARM\ARMCC\Bin'
Build target 'FUMAccessCheck'
compiling main.c...
../Src/main.c(258): warning:  #188-D: enumerated type mixed with another type
  					HAL_GPIO_WritePin(GPIOD,GPIO_PIN_0,1);
../Src/main.c(259): warning:  #188-D: enumerated type mixed with another type
  					HAL_GPIO_WritePin(GPIOD,GPIO_PIN_1,0);
../Src/main.c(260): warning:  #188-D: enumerated type mixed with another type
  					HAL_GPIO_WritePin(GPIOD,GPIO_PIN_2,0);
../Src/main.c(261): warning:  #188-D: enumerated type mixed with another type
  					HAL_GPIO_WritePin(GPIOD,GPIO_PIN_3,0);
../Src/main.c(264): warning:  #188-D: enumerated type mixed with another type
  					HAL_GPIO_WritePin(GPIOD,GPIO_PIN_0,0);
../Src/main.c(265): warning:  #188-D: enumerated type mixed with another type
  					HAL_GPIO_WritePin(GPIOD,GPIO_PIN_1,1);
../Src/main.c(266): warning:  #188-D: enumerated type mixed with another type
  					HAL_GPIO_WritePin(GPIOD,GPIO_PIN_2,0);
../Src/main.c(267): warning:  #188-D: enumerated type mixed with another type
  					HAL_GPIO_WritePin(GPIOD,GPIO_PIN_3,0);
../Src/main.c(270): warning:  #188-D: enumerated type mixed with another type
  					HAL_GPIO_WritePin(GPIOD,GPIO_PIN_0,0);
../Src/main.c(271): warning:  #188-D: enumerated type mixed with another type
  					HAL_GPIO_WritePin(GPIOD,GPIO_PIN_1,0);
../Src/main.c(272): warning:  #188-D: enumerated type mixed with another type
  					HAL_GPIO_WritePin(GPIOD,GPIO_PIN_2,1);
../Src/main.c(273): warning:  #188-D: enumerated type mixed with another type
  					HAL_GPIO_WritePin(GPIOD,GPIO_PIN_3,0);
../Src/main.c(276): warning:  #188-D: enumerated type mixed with another type
  					HAL_GPIO_WritePin(GPIOD,GPIO_PIN_0,0);
../Src/main.c(277): warning:  #188-D: enumerated type mixed with another type
  					HAL_GPIO_WritePin(GPIOD,GPIO_PIN_1,0);
../Src/main.c(278): warning:  #188-D: enumerated type mixed with another type
  					HAL_GPIO_WritePin(GPIOD,GPIO_PIN_2,0);
../Src/main.c(279): warning:  #188-D: enumerated type mixed with another type
  					HAL_GPIO_WritePin(GPIOD,GPIO_PIN_3,1);
../Src/main.c: 16 warnings, 0 errors
linking...
Program Size: Code=19388 RO-data=632 RW-data=232 ZI-data=17160  
FromELF: creating hex file...
"FUMAccessCheck\FUMAccessCheck.axf" - 0 Error(s), 16 Warning(s).

<h2>Software Packages used:</h2>

Package Vendor: ARM
                http://www.keil.com/pack/ARM.CMSIS.5.4.0.pack
                ARM.CMSIS.5.4.0
                CMSIS (Cortex Microcontroller Software Interface Standard)
   * Component: CORE Version: 5.1.2

Package Vendor: Keil
                http://www.keil.com/pack/Keil.STM32F4xx_DFP.2.13.0.pack
                Keil.STM32F4xx_DFP.2.13.0
                STMicroelectronics STM32F4 Series Device Support, Drivers and Examples

<h2>Collection of Component include folders:</h2>
  .\RTE\_FUMAccessCheck
  C:\Keil_v5\ARM\PACK\ARM\CMSIS\5.4.0\CMSIS\Core\Include
  C:\Keil_v5\ARM\PACK\Keil\STM32F4xx_DFP\2.13.0\Drivers\CMSIS\Device\ST\STM32F4xx\Include

<h2>Collection of Component Files used:</h2>

   * Component: ARM::CMSIS:CORE:5.1.2
Build Time Elapsed:  00:00:04
</pre>
</body>
</html>
