Component: ARM Compiler 5.06 update 6 (build 750) Tool: armlink [4d35ed]

==============================================================================

Section Cross References

    startup_stm32f407xx.o(RESET) refers to startup_stm32f407xx.o(STACK) for __initial_sp
    startup_stm32f407xx.o(RESET) refers to startup_stm32f407xx.o(.text) for Reset_Handler
    startup_stm32f407xx.o(RESET) refers to stm32f4xx_it.o(i.NMI_Handler) for NMI_Handler
    startup_stm32f407xx.o(RESET) refers to stm32f4xx_it.o(i.HardFault_Handler) for HardFault_Handler
    startup_stm32f407xx.o(RESET) refers to stm32f4xx_it.o(i.MemManage_Handler) for MemManage_Handler
    startup_stm32f407xx.o(RESET) refers to stm32f4xx_it.o(i.BusFault_Handler) for BusFault_Handler
    startup_stm32f407xx.o(RESET) refers to stm32f4xx_it.o(i.UsageFault_Handler) for UsageFault_Handler
    startup_stm32f407xx.o(RESET) refers to port.o(.emb_text) for SVC_Handler
    startup_stm32f407xx.o(RESET) refers to stm32f4xx_it.o(i.DebugMon_Handler) for DebugMon_Handler
    startup_stm32f407xx.o(RESET) refers to port.o(i.SysTick_Handler) for SysTick_Handler
    startup_stm32f407xx.o(RESET) refers to stm32f4xx_it.o(i.EXTI0_IRQHandler) for EXTI0_IRQHandler
    startup_stm32f407xx.o(RESET) refers to stm32f4xx_it.o(i.EXTI9_5_IRQHandler) for EXTI9_5_IRQHandler
    startup_stm32f407xx.o(RESET) refers to stm32f4xx_it.o(i.USART2_IRQHandler) for USART2_IRQHandler
    startup_stm32f407xx.o(RESET) refers to stm32f4xx_it.o(i.USART3_IRQHandler) for USART3_IRQHandler
    startup_stm32f407xx.o(RESET) refers to stm32f4xx_it.o(i.TIM6_DAC_IRQHandler) for TIM6_DAC_IRQHandler
    startup_stm32f407xx.o(.text) refers to system_stm32f4xx.o(i.SystemInit) for SystemInit
    startup_stm32f407xx.o(.text) refers to entry.o(.ARM.Collect$$$$00000000) for __main
    liquidcrystal.o(i.LiquidCrystal) refers to liquidcrystal.o(i.init) for init
    liquidcrystal.o(i.LiquidCrystal) refers to liquidcrystal.o(.data) for .data
    liquidcrystal.o(i.autoscroll) refers to liquidcrystal.o(i.command) for command
    liquidcrystal.o(i.autoscroll) refers to liquidcrystal.o(.data) for .data
    liquidcrystal.o(i.begin) refers to liquidcrystal.o(i.setRowOffsets) for setRowOffsets
    liquidcrystal.o(i.begin) refers to liquidcrystal.o(i.enableClock) for enableClock
    liquidcrystal.o(i.begin) refers to stm32f4xx_hal_gpio.o(i.HAL_GPIO_Init) for HAL_GPIO_Init
    liquidcrystal.o(i.begin) refers to stm32f4xx_hal.o(i.HAL_Delay) for HAL_Delay
    liquidcrystal.o(i.begin) refers to stm32f4xx_hal_gpio.o(i.HAL_GPIO_WritePin) for HAL_GPIO_WritePin
    liquidcrystal.o(i.begin) refers to liquidcrystal.o(i.write4bits) for write4bits
    liquidcrystal.o(i.begin) refers to liquidcrystal.o(i.command) for command
    liquidcrystal.o(i.begin) refers to liquidcrystal.o(i.display) for display
    liquidcrystal.o(i.begin) refers to liquidcrystal.o(i.clear) for clear
    liquidcrystal.o(i.begin) refers to liquidcrystal.o(.data) for .data
    liquidcrystal.o(i.begin) refers to liquidcrystal.o(.bss) for .bss
    liquidcrystal.o(i.blink) refers to liquidcrystal.o(i.command) for command
    liquidcrystal.o(i.blink) refers to liquidcrystal.o(.data) for .data
    liquidcrystal.o(i.clear) refers to liquidcrystal.o(i.command) for command
    liquidcrystal.o(i.clear) refers to stm32f4xx_hal.o(i.HAL_Delay) for HAL_Delay
    liquidcrystal.o(i.createChar) refers to liquidcrystal.o(i.command) for command
    liquidcrystal.o(i.createChar) refers to liquidcrystal.o(i.send) for send
    liquidcrystal.o(i.cursor) refers to liquidcrystal.o(i.command) for command
    liquidcrystal.o(i.cursor) refers to liquidcrystal.o(.data) for .data
    liquidcrystal.o(i.display) refers to liquidcrystal.o(i.command) for command
    liquidcrystal.o(i.display) refers to liquidcrystal.o(.data) for .data
    liquidcrystal.o(i.enableClock) refers to liquidcrystal.o(.data) for .data
    liquidcrystal.o(i.home) refers to liquidcrystal.o(i.command) for command
    liquidcrystal.o(i.home) refers to stm32f4xx_hal.o(i.HAL_Delay) for HAL_Delay
    liquidcrystal.o(i.init) refers to liquidcrystal.o(i.begin) for begin
    liquidcrystal.o(i.init) refers to liquidcrystal.o(.data) for .data
    liquidcrystal.o(i.init) refers to liquidcrystal.o(.bss) for .bss
    liquidcrystal.o(i.leftToRight) refers to liquidcrystal.o(i.command) for command
    liquidcrystal.o(i.leftToRight) refers to liquidcrystal.o(.data) for .data
    liquidcrystal.o(i.noAutoscroll) refers to liquidcrystal.o(i.command) for command
    liquidcrystal.o(i.noAutoscroll) refers to liquidcrystal.o(.data) for .data
    liquidcrystal.o(i.noBlink) refers to liquidcrystal.o(i.command) for command
    liquidcrystal.o(i.noBlink) refers to liquidcrystal.o(.data) for .data
    liquidcrystal.o(i.noCursor) refers to liquidcrystal.o(i.command) for command
    liquidcrystal.o(i.noCursor) refers to liquidcrystal.o(.data) for .data
[...]
    i.UART_Transmit_IT                       0x080025b4   Section        0  stm32f4xx_hal_uart.o(i.UART_Transmit_IT)
    UART_Transmit_IT                         0x080025b5   Thumb Code    98  stm32f4xx_hal_uart.o(i.UART_Transmit_IT)
    i.UART_WaitOnFlagUntilTimeout            0x08002616   Section        0  stm32f4xx_hal_uart.o(i.UART_WaitOnFlagUntilTimeout)
    UART_WaitOnFlagUntilTimeout              0x08002617   Thumb Code   100  stm32f4xx_hal_uart.o(i.UART_WaitOnFlagUntilTimeout)
    i.USART2_IRQHandler                      0x0800267c   Section        0  stm32f4xx_it.o(i.USART2_IRQHandler)
    i.USART3_IRQHandler                      0x08002688   Section        0  stm32f4xx_it.o(i.USART3_IRQHandler)
    i.UsageFault_Handler                     0x08002694   Section        0  stm32f4xx_it.o(i.UsageFault_Handler)
    i.WebPanelController                     0x08002698   Section        0  main.o(i.WebPanelController)
    i.__0printf$6                            0x080026b4   Section        0  printf6.o(i.__0printf$6)
    i.__0sprintf$6                           0x080026d4   Section        0  printf6.o(i.__0sprintf$6)
    i.__scatterload_copy                     0x080026fc   Section       14  handlers.o(i.__scatterload_copy)
    i.__scatterload_null                     0x0800270a   Section        2  handlers.o(i.__scatterload_null)
    i.__scatterload_zeroinit                 0x0800270c   Section       14  handlers.o(i.__scatterload_zeroinit)
    i._printf_core                           0x0800271c   Section        0  printf6.o(i._printf_core)
    _printf_core                             0x0800271d   Thumb Code   748  printf6.o(i._printf_core)
    i._printf_post_padding                   0x08002a0c   Section        0  printf6.o(i._printf_post_padding)
    _printf_post_padding                     0x08002a0d   Thumb Code    36  printf6.o(i._printf_post_padding)
    i._printf_pre_padding                    0x08002a30   Section        0  printf6.o(i._printf_pre_padding)
    _printf_pre_padding                      0x08002a31   Thumb Code    46  printf6.o(i._printf_pre_padding)
    i._sputc                                 0x08002a5e   Section        0  printf6.o(i._sputc)
    _sputc                                   0x08002a5f   Thumb Code    10  printf6.o(i._sputc)
    i.atCommound                             0x08002a68   Section        0  main.o(i.atCommound)
    i.begin                                  0x08002b44   Section        0  liquidcrystal.o(i.begin)
    i.clear                                  0x08002c7c   Section        0  liquidcrystal.o(i.clear)
    i.command                                0x08002c8e   Section        0  liquidcrystal.o(i.command)
    i.display                                0x08002c94   Section        0  liquidcrystal.o(i.display)
    i.eepromGetId                            0x08002cac   Section        0  main.o(i.eepromGetId)
    i.enableClock                            0x08002d28   Section        0  liquidcrystal.o(i.enableClock)
    i.fputc                                  0x08002dd8   Section        0  main.o(i.fputc)
    i.inHandlerMode                          0x08002df0   Section        0  cmsis_os.o(i.inHandlerMode)
    inHandlerMode                            0x08002df1   Thumb Code    12  cmsis_os.o(i.inHandlerMode)
    i.init                                   0x08002dfc   Section        0  liquidcrystal.o(i.init)
    i.keypadController                       0x08002e4c   Section        0  main.o(i.keypadController)
    i.main                                   0x08002e58   Section        0  main.o(i.main)
    i.makeFreeRtosPriority                   0x08002f90   Section        0  cmsis_os.o(i.makeFreeRtosPriority)
    makeFreeRtosPriority                     0x08002f91   Thumb Code    12  cmsis_os.o(i.makeFreeRtosPriority)
    i.manageKeypad                           0x08002f9c   Section        0  main.o(i.manageKeypad)
    i.osDelay                                0x08003348   Section        0  cmsis_os.o(i.osDelay)
    i.osKernelStart                          0x08003356   Section        0  cmsis_os.o(i.osKernelStart)
    i.osSemaphoreCreate                      0x08003360   Section        0  cmsis_os.o(i.osSemaphoreCreate)
    i.osThreadCreate                         0x08003386   Section        0  cmsis_os.o(i.osThreadCreate)
    i.osTimerCreate                          0x080033b4   Section        0  cmsis_os.o(i.osTimerCreate)
    i.osTimerStart                           0x080033d8   Section        0  cmsis_os.o(i.osTimerStart)
    i.osTimerStop                            0x08003434   Section        0  cmsis_os.o(i.osTimerStop)
    i.print                                  0x0800348c   Section        0  liquidcrystal.o(i.print)
    i.prvAddCurrentTaskToDelayedList         0x080034b4   Section        0  tasks.o(i.prvAddCurrentTaskToDelayedList)
    prvAddCurrentTaskToDelayedList           0x080034b5   Thumb Code   102  tasks.o(i.prvAddCurrentTaskToDelayedList)
    i.prvAddNewTaskToReadyList               0x08003524   Section        0  tasks.o(i.prvAddNewTaskToReadyList)
    prvAddNewTaskToReadyList                 0x08003525   Thumb Code   194  tasks.o(i.prvAddNewTaskToReadyList)
    i.prvCheckForValidListAndQueue           0x080035f4   Section        0  timers.o(i.prvCheckForValidListAndQueue)
    prvCheckForValidListAndQueue             0x080035f5   Thumb Code    62  timers.o(i.prvCheckForValidListAndQueue)
    i.prvCheckTasksWaitingTermination        0x08003644   Section        0  tasks.o(i.prvCheckTasksWaitingTermination)
    prvCheckTasksWaitingTermination          0x08003645   Thumb Code    70  tasks.o(i.prvCheckTasksWaitingTermination)
    i.prvCopyDataFromQueue                   0x08003694   Section        0  queue.o(i.prvCopyDataFromQueue)
    prvCopyDataFromQueue                     0x08003695   Thumb Code    38  queue.o(i.prvCopyDataFromQueue)
    i.prvCopyDataToQueue                     0x080036ba   Section        0  queue.o(i.prvCopyDataToQueue)
    prvCopyDataToQueue                       0x080036bb   Thumb Code   108  queue.o(i.prvCopyDataToQueue)
    i.prvDeleteTCB                           0x08003726   Section        0  tasks.o(i.prvDeleteTCB)
    prvDeleteTCB                             0x08003727   Thumb Code    20  tasks.o(i.prvDeleteTCB)
    i.prvHeapInit                            0x0800373c   Section        0  heap_4.o(i.prvHeapInit)
    prvHeapInit                              0x0800373d   Thumb Code    66  heap_4.o(i.prvHeapInit)
    i.prvIdleTask                            0x08003788   Section        0  tasks.o(i.prvIdleTask)
    prvIdleTask                              0x08003789   Thumb Code    30  tasks.o(i.prvIdleTask)
    i.prvInitialiseNewTask                   0x080037b0   Section        0  tasks.o(i.prvInitialiseNewTask)
    prvInitialiseNewTask                     0x080037b1   Thumb Code   142  tasks.o(i.prvInitialiseNewTask)
    i.prvInsertBlockIntoFreeList             0x08003840   Section        0  heap_4.o(i.prvInsertBlockIntoFreeList)
    prvInsertBlockIntoFreeList               0x08003841   Thumb Code    72  heap_4.o(i.prvInsertBlockIntoFreeList)
    i.prvInsertTimerInActiveList             0x0800388c   Section        0  timers.o(i.prvInsertTimerInActiveList)
    prvInsertTimerInActiveList               0x0800388d   Thumb Code    52  timers.o(i.prvInsertTimerInActiveList)
    i.prvIsQueueEmpty                        0x080038c4   Section        0  queue.o(i.prvIsQueueEmpty)
    prvIsQueueEmpty                          0x080038c5   Thumb Code    28  queue.o(i.prvIsQueueEmpty)
    i.prvProcessReceivedCommands             0x080038e0   Section        0  timers.o(i.prvProcessReceivedCommands)
    prvProcessReceivedCommands               0x080038e1   Thumb Code   180  timers.o(i.prvProcessReceivedCommands)
    i.prvProcessTimerOrBlockTask             0x08003998   Section        0  timers.o(i.prvProcessTimerOrBlockTask)
    prvProcessTimerOrBlockTask               0x08003999   Thumb Code   172  timers.o(i.prvProcessTimerOrBlockTask)
    i.prvResetNextTaskUnblockTime            0x08003a4c   Section        0  tasks.o(i.prvResetNextTaskUnblockTime)
    prvResetNextTaskUnblockTime              0x08003a4d   Thumb Code    26  tasks.o(i.prvResetNextTaskUnblockTime)
    i.prvSampleTimeNow                       0x08003a6c   Section        0  timers.o(i.prvSampleTimeNow)
    prvSampleTimeNow                         0x08003a6d   Thumb Code    36  timers.o(i.prvSampleTimeNow)
    i.prvSwitchTimerLists                    0x08003a94   Section        0  timers.o(i.prvSwitchTimerLists)
    prvSwitchTimerLists                      0x08003a95   Thumb Code   102  timers.o(i.prvSwitchTimerLists)
    i.prvTaskExitError                       0x08003b00   Section        0  port.o(i.prvTaskExitError)
    prvTaskExitError                         0x08003b01   Thumb Code    36  port.o(i.prvTaskExitError)
    i.prvTimerTask                           0x08003b28   Section        0  timers.o(i.prvTimerTask)
    prvTimerTask                             0x08003b29   Thumb Code    32  timers.o(i.prvTimerTask)
    i.prvUnlockQueue                         0x08003b4c   Section        0  queue.o(i.prvUnlockQueue)
    prvUnlockQueue                           0x08003b4d   Thumb Code   106  queue.o(i.prvUnlockQueue)
    i.pulseEnable                            0x08003bb8   Section        0  liquidcrystal.o(i.pulseEnable)
    i.pvPortMalloc                           0x08003bf4   Section        0  heap_4.o(i.pvPortMalloc)
    i.pvTaskIncrementMutexHeldCount          0x08003ccc   Section        0  tasks.o(i.pvTaskIncrementMutexHeldCount)
    i.pxPortInitialiseStack                  0x08003ce4   Section        0  port.o(i.pxPortInitialiseStack)
    i.send                                   0x08003d10   Section        0  liquidcrystal.o(i.send)
    i.setCursor                              0x08003d54   Section        0  liquidcrystal.o(i.setCursor)
    i.setRTC                                 0x08003d7c   Section        0  main.o(i.setRTC)
    i.setRowOffsets                          0x08003e4c   Section        0  liquidcrystal.o(i.setRowOffsets)
    i.startPage                              0x08003e60   Section        0  main.o(i.startPage)
    i.uxListRemove                           0x08003eac   Section        0  list.o(i.uxListRemove)
    i.vListInitialise                        0x08003ed0   Section        0  list.o(i.vListInitialise)
    i.vListInitialiseItem                    0x08003ee6   Section        0  list.o(i.vListInitialiseItem)
    i.vListInsert                            0x08003eec   Section        0  list.o(i.vListInsert)
    i.vListInsertEnd                         0x08003f1c   Section        0  list.o(i.vListInsertEnd)
    i.vPortEnterCritical                     0x08003f34   Section        0  port.o(i.vPortEnterCritical)
    i.vPortExitCritical                      0x08003f74   Section        0  port.o(i.vPortExitCritical)
    i.vPortFree                              0x08003f9c   Section        0  heap_4.o(i.vPortFree)
    i.vPortSetupTimerInterrupt               0x08003ff8   Section        0  port.o(i.vPortSetupTimerInterrupt)
    i.vPortValidateInterruptPriority         0x08004018   Section        0  port.o(i.vPortValidateInterruptPriority)
    i.vQueueAddToRegistry                    0x0800406c   Section        0  queue.o(i.vQueueAddToRegistry)
    i.vQueueWaitForMessageRestricted         0x08004094   Section        0  queue.o(i.vQueueWaitForMessageRestricted)
    i.vTaskDelay                             0x080040d8   Section        0  tasks.o(i.vTaskDelay)
    i.vTaskMissedYield                       0x08004124   Section        0  tasks.o(i.vTaskMissedYield)
    i.vTaskPlaceOnEventList                  0x08004130   Section        0  tasks.o(i.vTaskPlaceOnEventList)
    i.vTaskPlaceOnEventListRestricted        0x08004160   Section        0  tasks.o(i.vTaskPlaceOnEventListRestricted)
    i.vTaskPriorityInherit                   0x08004198   Section        0  tasks.o(i.vTaskPriorityInherit)
    i.vTaskSetTimeOutState                   0x0800421c   Section        0  tasks.o(i.vTaskSetTimeOutState)
    i.vTaskStartScheduler                    0x08004240   Section        0  tasks.o(i.vTaskStartScheduler)
    i.vTaskSuspendAll                        0x080042b0   Section        0  tasks.o(i.vTaskSuspendAll)
    i.vTaskSwitchContext                     0x080042c0   Section        0  tasks.o(i.vTaskSwitchContext)
    i.write                                  0x0800431c   Section        0  liquidcrystal.o(i.write)
    i.write4bits                             0x08004328   Section        0  liquidcrystal.o(i.write4bits)
    i.write8bits                             0x0800435c   Section        0  liquidcrystal.o(i.write8bits)
    i.xPortStartScheduler                    0x08004390   Section        0  port.o(i.xPortStartScheduler)
    i.xQueueGenericCreate                    0x08004470   Section        0  queue.o(i.xQueueGenericCreate)
    i.xQueueGenericReceive                   0x080044b8   Section        0  queue.o(i.xQueueGenericReceive)
    i.xQueueGenericReset                     0x08004624   Section        0  queue.o(i.xQueueGenericReset)
    i.xQueueGenericSend                      0x080046ac   Section        0  queue.o(i.xQueueGenericSend)
    i.xQueueGenericSendFromISR               0x0800480c   Section        0  queue.o(i.xQueueGenericSendFromISR)
    i.xTaskCheckForTimeOut                   0x080048c8   Section        0  tasks.o(i.xTaskCheckForTimeOut)
    i.xTaskCreate                            0x08004934   Section        0  tasks.o(i.xTaskCreate)
    i.xTaskGetSchedulerState                 0x0800498c   Section        0  tasks.o(i.xTaskGetSchedulerState)
    i.xTaskGetTickCount                      0x080049a8   Section        0  tasks.o(i.xTaskGetTickCount)
    i.xTaskIncrementTick                     0x080049b4   Section        0  tasks.o(i.xTaskIncrementTick)
    i.xTaskPriorityDisinherit                0x08004a7c   Section        0  tasks.o(i.xTaskPriorityDisinherit)
    i.xTaskRemoveFromEventList               0x08004b14   Section        0  tasks.o(i.xTaskRemoveFromEventList)
    i.xTaskResumeAll                         0x08004b88   Section        0  tasks.o(i.xTaskResumeAll)
    i.xTimerCreate                           0x08004c4c   Section        0  timers.o(i.xTimerCreate)
    i.xTimerCreateTimerTask                  0x08004c9c   Section        0  timers.o(i.xTimerCreateTimerTask)
    i.xTimerGenericCommand                   0x08004ce4   Section        0  timers.o(i.xTimerGenericCommand)
    .constdata                               0x08004d44   Section      144  main.o(.constdata)
    .constdata                               0x08004dd4   Section       16  system_stm32f4xx.o(.constdata)
    .constdata                               0x08004de4   Section        8  system_stm32f4xx.o(.constdata)
    .conststring                             0x08004dec   Section       40  main.o(.conststring)
    .data                                    0x20000000   Section       20  liquidcrystal.o(.data)
    .data                                    0x20000014   Section        2  eeprom.o(.data)
    .data                                    0x20000018   Section       66  main.o(.data)
    .data                                    0x2000005a   Section        3  stm32f4xx_it.o(.data)
    .data                                    0x20000060   Section       12  stm32f4xx_hal.o(.data)
    .data                                    0x2000006c   Section        4  system_stm32f4xx.o(.data)
    .data                                    0x20000070   Section       60  tasks.o(.data)
    uxDeletedTasksWaitingCleanUp             0x20000074   Data           4  tasks.o(.data)
    uxCurrentNumberOfTasks                   0x20000078   Data           4  tasks.o(.data)
    xTickCount                               0x2000007c   Data           4  tasks.o(.data)
    uxTopReadyPriority                       0x20000080   Data           4  tasks.o(.data)
    xSchedulerRunning                        0x20000084   Data           4  tasks.o(.data)
    uxPendedTicks                            0x20000088   Data           4  tasks.o(.data)
    xYieldPending                            0x2000008c   Data           4  tasks.o(.data)
    xNumOfOverflows                          0x20000090   Data           4  tasks.o(.data)
    uxTaskNumber                             0x20000094   Data           4  tasks.o(.data)
    xNextTaskUnblockTime                     0x20000098   Data           4  tasks.o(.data)
    xIdleTaskHandle                          0x2000009c   Data           4  tasks.o(.data)
    uxSchedulerSuspended                     0x200000a0   Data           4  tasks.o(.data)
    pxDelayedTaskList                        0x200000a4   Data           4  tasks.o(.data)
    pxOverflowDelayedTaskList                0x200000a8   Data           4  tasks.o(.data)
    .data                                    0x200000ac   Section       20  timers.o(.data)
    xTimerQueue                              0x200000ac   Data           4  timers.o(.data)
    xTimerTaskHandle                         0x200000b0   Data           4  timers.o(.data)
    xLastTime                                0x200000b4   Data           4  timers.o(.data)
    pxCurrentTimerList                       0x200000b8   Data           4  timers.o(.data)
    pxOverflowTimerList                      0x200000bc   Data           4  timers.o(.data)
    .data                                    0x200000c0   Section       24  heap_4.o(.data)
    pxEnd                                    0x200000c0   Data           4  heap_4.o(.data)
    xFreeBytesRemaining                      0x200000c4   Data           4  heap_4.o(.data)
    xMinimumEverFreeBytesRemaining           0x200000c8   Data           4  heap_4.o(.data)
    xBlockAllocatedBit                       0x200000cc   Data           4  heap_4.o(.data)
    xStart                                   0x200000d0   Data           8  heap_4.o(.data)
    .data                                    0x200000d8   Section       12  port.o(.data)
    ucMaxSysCallPriority                     0x200000d8   Data           1  port.o(.data)
    uxCriticalNesting                        0x200000dc   Data           4  port.o(.data)
    ulMaxPRIGROUPValue                       0x200000e0   Data           4  port.o(.data)
    .data                                    0x200000e4   Section        4  stdout.o(.data)
    .bss                                     0x200000e8   Section       16  liquidcrystal.o(.bss)
    .bss                                     0x200000f8   Section      320  main.o(.bss)
    .bss                                     0x20000238   Section       60  stm32f4xx_hal_timebase_tim.o(.bss)
    .bss                                     0x20000274   Section       32  stm32f4xx_hal_flash.o(.bss)
    .bss                                     0x20000294   Section       64  queue.o(.bss)
    .bss                                     0x200002d4   Section      240  tasks.o(.bss)
    pxReadyTasksLists                        0x200002d4   Data         140  tasks.o(.bss)
    xDelayedTaskList1                        0x20000360   Data          20  tasks.o(.bss)
    xDelayedTaskList2                        0x20000374   Data          20  tasks.o(.bss)
    xPendingReadyList                        0x20000388   Data          20  tasks.o(.bss)
    xTasksWaitingTermination                 0x2000039c   Data          20  tasks.o(.bss)
    xSuspendedTaskList                       0x200003b0   Data          20  tasks.o(.bss)
    .bss                                     0x200003c4   Section       40  timers.o(.bss)
    xActiveTimerList1                        0x200003c4   Data          20  timers.o(.bss)
    xActiveTimerList2                        0x200003d8   Data          20  timers.o(.bss)
    .bss                                     0x200003ec   Section    15360  heap_4.o(.bss)
    ucHeap                                   0x200003ec   Data       15360  heap_4.o(.bss)
    STACK                                    0x20003ff0   Section     1024  startup_stm32f407xx.o(STACK)

    Global Symbols

    Symbol Name                              Value     Ov Type        Size  Object(Section)

    BuildAttributes$$THM_ISAv4$E$P$D$K$B$S$7EM$VFPi3$EXTD16$VFPS$VFMA$PE$A:L22UL41UL21$X:L11$S22US41US21$IEEE1$IW$USESV6$~STKCKD$USESV7$~SHL$OSPACE$ROPI$EBA8$MICROLIB$REQ8$PRES8$EABIv2 0x00000000   Number         0  anon$$obj.o ABSOLUTE
    __ARM_use_no_argv                        0x00000000   Number         0  main.o ABSOLUTE
    _printf_a                                0x00000000   Number         0  stubs.o ABSOLUTE
    _printf_c                                0x00000000   Number         0  stubs.o ABSOLUTE
    _printf_charcount                        0x00000000   Number         0  stubs.o ABSOLUTE
    _printf_d                                0x00000000   Number         0  stubs.o ABSOLUTE
    _printf_e                                0x00000000   Number         0  stubs.o ABSOLUTE
    _printf_f                                0x00000000   Number         0  stubs.o ABSOLUTE
    _printf_flags                            0x00000000   Number         0  stubs.o ABSOLUTE
    _printf_fp_dec                           0x00000000   Number         0  stubs.o ABSOLUTE
    _printf_fp_hex                           0x00000000   Number         0  stubs.o ABSOLUTE
    _printf_g                                0x00000000   Number         0  stubs.o ABSOLUTE
    _printf_i                                0x00000000   Number         0  stubs.o ABSOLUTE
    _printf_int_dec                          0x00000000   Number         0  stubs.o ABSOLUTE
    _printf_l                                0x00000000   Number         0  stubs.o ABSOLUTE
    _printf_lc                               0x00000000   Number         0  stubs.o ABSOLUTE
    _printf_ll                               0x00000000   Number         0  stubs.o ABSOLUTE
    _printf_lld                              0x00000000   Number         0  stubs.o ABSOLUTE
    _printf_lli                              0x00000000   Number         0  stubs.o ABSOLUTE
    _printf_llo                              0x00000000   Number         0  stubs.o ABSOLUTE
    _printf_llu                              0x00000000   Number         0  stubs.o ABSOLUTE
    _printf_llx                              0x00000000   Number         0  stubs.o ABSOLUTE
    _printf_longlong_dec                     0x00000000   Number         0  stubs.o ABSOLUTE
    _printf_longlong_hex                     0x00000000   Number         0  stubs.o ABSOLUTE
    _printf_longlong_oct                     0x00000000   Number         0  stubs.o ABSOLUTE
    _printf_ls                               0x00000000   Number         0  stubs.o ABSOLUTE
    _printf_mbtowc                           0x00000000   Number         0  stubs.o ABSOLUTE
    _printf_n                                0x00000000   Number         0  stubs.o ABSOLUTE
    _printf_o                                0x00000000   Number         0  stubs.o ABSOLUTE
    _printf_p                                0x00000000   Number         0  stubs.o ABSOLUTE
    _printf_percent                          0x00000000   Number         0  stubs.o ABSOLUTE
    _printf_pre_padding                      0x00000000   Number         0  stubs.o ABSOLUTE
    _printf_return_value                     0x00000000   Number         0  stubs.o ABSOLUTE
    _printf_s                                0x00000000   Number         0  stubs.o ABSOLUTE
    _printf_sizespec                         0x00000000   Number         0  stubs.o ABSOLUTE
    _printf_str                              0x00000000   Number         0  stubs.o ABSOLUTE
    _printf_truncate_signed                  0x00000000   Number         0  stubs.o ABSOLUTE
    _printf_truncate_unsigned                0x00000000   Number         0  stubs.o ABSOLUTE
    _printf_u                                0x00000000   Number         0  stubs.o ABSOLUTE
    _printf_wc                               0x00000000   Number         0  stubs.o ABSOLUTE
    _printf_wctomb                           0x00000000   Number         0  stubs.o ABSOLUTE
    _printf_widthprec                        0x00000000   Number         0  stubs.o ABSOLUTE
    _printf_x                                0x00000000   Number         0  stubs.o ABSOLUTE
    __cpp_initialize__aeabi_                  - Undefined Weak Reference
    __cxa_finalize                            - Undefined Weak Reference
    __decompress                              - Undefined Weak Reference
    _clock_init                               - Undefined Weak Reference
    _microlib_exit                            - Undefined Weak Reference
    __Vectors_Size                           0x00000188   Number         0  startup_stm32f407xx.o ABSOLUTE
    __Vectors                                0x08000000   Data           4  startup_stm32f407xx.o(RESET)
    __Vectors_End                            0x08000188   Data           0  startup_stm32f407xx.o(RESET)
    __main                                   0x08000189   Thumb Code     0  entry.o(.ARM.Collect$$$$00000000)
    _main_stk                                0x08000189   Thumb Code     0  entry2.o(.ARM.Collect$$$$00000001)
    _main_scatterload                        0x0800018d   Thumb Code     0  entry5.o(.ARM.Collect$$$$00000004)
    __main_after_scatterload                 0x08000191   Thumb Code     0  entry5.o(.ARM.Collect$$$$00000004)
    _main_clock                              0x08000191   Thumb Code     0  entry7b.o(.ARM.Collect$$$$00000008)
    _main_cpp_init                           0x08000191   Thumb Code     0  entry8b.o(.ARM.Collect$$$$0000000A)
    _main_init                               0x08000191   Thumb Code     0  entry9a.o(.ARM.Collect$$$$0000000B)
    __rt_final_cpp                           0x08000199   Thumb Code     0  entry10a.o(.ARM.Collect$$$$0000000D)
    __rt_final_exit                          0x08000199   Thumb Code     0  entry11a.o(.ARM.Collect$$$$0000000F)
    SVC_Handler                              0x0800019d   Thumb Code    28  port.o(.emb_text)
    __asm___6_port_c_39a90d8d__prvStartFirstTask 0x080001bd   Thumb Code    28  port.o(.emb_text)
    __asm___6_port_c_39a90d8d__prvEnableVFP  0x080001dd   Thumb Code    16  port.o(.emb_text)
    PendSV_Handler                           0x080001f1   Thumb Code    92  port.o(.emb_text)
    vPortGetIPSR                             0x08000251   Thumb Code     6  port.o(.emb_text)
    Reset_Handler                            0x08000259   Thumb Code     8  startup_stm32f407xx.o(.text)
    ADC_IRQHandler                           0x08000273   Thumb Code     0  startup_stm32f407xx.o(.text)
    CAN1_RX0_IRQHandler                      0x08000273   Thumb Code     0  startup_stm32f407xx.o(.text)
    CAN1_RX1_IRQHandler                      0x08000273   Thumb Code     0  startup_stm32f407xx.o(.text)
    CAN1_SCE_IRQHandler                      0x08000273   Thumb Code     0  startup_stm32f407xx.o(.text)
    CAN1_TX_IRQHandler                       0x08000273   Thumb Code     0  startup_stm32f407xx.o(.text)
    CAN2_RX0_IRQHandler                      0x08000273   Thumb Code     0  startup_stm32f407xx.o(.text)
    CAN2_RX1_IRQHandler                      0x08000273   Thumb Code     0  startup_stm32f407xx.o(.text)
    CAN2_SCE_IRQHandler                      0x08000273   Thumb Code     0  startup_stm32f407xx.o(.text)
    CAN2_TX_IRQHandler                       0x08000273   Thumb Code     0  startup_stm32f407xx.o(.text)
    DCMI_IRQHandler                          0x08000273   Thumb Code     0  startup_stm32f407xx.o(.text)
    DMA1_Stream0_IRQHandler                  0x08000273   Thumb Code     0  startup_stm32f407xx.o(.text)
    DMA1_Stream1_IRQHandler                  0x08000273   Thumb Code     0  startup_stm32f407xx.o(.text)
    DMA1_Stream2_IRQHandler                  0x08000273   Thumb Code     0  startup_stm32f407xx.o(.text)
    DMA1_Stream3_IRQHandler                  0x08000273   Thumb Code     0  startup_stm32f407xx.o(.text)
    DMA1_Stream4_IRQHandler                  0x08000273   Thumb Code     0  startup_stm32f407xx.o(.text)
    DMA1_Stream5_IRQHandler                  0x08000273   Thumb Code     0  startup_stm32f407xx.o(.text)
    DMA1_Stream6_IRQHandler                  0x08000273   Thumb Code     0  startup_stm32f407xx.o(.text)
    DMA1_Stream7_IRQHandler                  0x08000273   Thumb Code     0  startup_stm32f407xx.o(.text)
    DMA2_Stream0_IRQHandler                  0x08000273   Thumb Code     0  startup_stm32f407xx.o(.text)
    DMA2_Stream1_IRQHandler                  0x08000273   Thumb Code     0  startup_stm32f407xx.o(.text)
    DMA2_Stream2_IRQHandler                  0x08000273   Thumb Code     0  startup_stm32f407xx.o(.text)
    DMA2_Stream3_IRQHandler                  0x08000273   Thumb Code     0  startup_stm32f407xx.o(.text)
    DMA2_Stream4_IRQHandler                  0x08000273   Thumb Code     0  startup_stm32f407xx.o(.text)
    DMA2_Stream5_IRQHandler                  0x08000273   Thumb Code     0  startup_stm32f407xx.o(.text)
    DMA2_Stream6_IRQHandler                  0x08000273   Thumb Code     0  startup_stm32f407xx.o(.text)
    DMA2_Stream7_IRQHandler                  0x08000273   Thumb Code     0  startup_stm32f407xx.o(.text)
    ETH_IRQHandler                           0x08000273   Thumb Code     0  startup_stm32f407xx.o(.text)
    ETH_WKUP_IRQHandler                      0x08000273   Thumb Code     0  startup_stm32f407xx.o(.text)
    EXTI15_10_IRQHandler                     0x08000273   Thumb Code     0  startup_stm32f407xx.o(.text)
    EXTI1_IRQHandler                         0x08000273   Thumb Code     0  startup_stm32f407xx.o(.text)
    EXTI2_IRQHandler                         0x08000273   Thumb Code     0  startup_stm32f407xx.o(.text)
    EXTI3_IRQHandler                         0x08000273   Thumb Code     0  startup_stm32f407xx.o(.text)
    EXTI4_IRQHandler                         0x08000273   Thumb Code     0  startup_stm32f407xx.o(.text)
    FLASH_IRQHandler                         0x08000273   Thumb Code     0  startup_stm32f407xx.o(.text)
    FMC_IRQHandler                           0x08000273   Thumb Code     0  startup_stm32f407xx.o(.text)
    FPU_IRQHandler                           0x08000273   Thumb Code     0  startup_stm32f407xx.o(.text)
    HASH_RNG_IRQHandler                      0x08000273   Thumb Code     0  startup_stm32f407xx.o(.text)
    I2C1_ER_IRQHandler                       0x08000273   Thumb Code     0  startup_stm32f407xx.o(.text)
    I2C1_EV_IRQHandler                       0x08000273   Thumb Code     0  startup_stm32f407xx.o(.text)
    I2C2_ER_IRQHandler                       0x08000273   Thumb Code     0  startup_stm32f407xx.o(.text)
    I2C2_EV_IRQHandler                       0x08000273   Thumb Code     0  startup_stm32f407xx.o(.text)
    I2C3_ER_IRQHandler                       0x08000273   Thumb Code     0  startup_stm32f407xx.o(.text)
    I2C3_EV_IRQHandler                       0x08000273   Thumb Code     0  startup_stm32f407xx.o(.text)
    OTG_FS_IRQHandler                        0x08000273   Thumb Code     0  startup_stm32f407xx.o(.text)
    OTG_FS_WKUP_IRQHandler                   0x08000273   Thumb Code     0  startup_stm32f407xx.o(.text)
    OTG_HS_EP1_IN_IRQHandler                 0x08000273   Thumb Code     0  startup_stm32f407xx.o(.text)
    OTG_HS_EP1_OUT_IRQHandler                0x08000273   Thumb Code     0  startup_stm32f407xx.o(.text)
    OTG_HS_IRQHandler                        0x08000273   Thumb Code     0  startup_stm32f407xx.o(.text)
    OTG_HS_WKUP_IRQHandler                   0x08000273   Thumb Code     0  startup_stm32f407xx.o(.text)
    PVD_IRQHandler                           0x08000273   Thumb Code     0  startup_stm32f407xx.o(.text)
    RCC_IRQHandler                           0x08000273   Thumb Code     0  startup_stm32f407xx.o(.text)
    RTC_Alarm_IRQHandler                     0x08000273   Thumb Code     0  startup_stm32f407xx.o(.text)
    RTC_WKUP_IRQHandler                      0x08000273   Thumb Code     0  startup_stm32f407xx.o(.text)
    SDIO_IRQHandler                          0x08000273   Thumb Code     0  startup_stm32f407xx.o(.text)
    SPI1_IRQHandler                          0x08000273   Thumb Code     0  startup_stm32f407xx.o(.text)
    SPI2_IRQHandler                          0x08000273   Thumb Code     0  startup_stm32f407xx.o(.text)
    SPI3_IRQHandler                          0x08000273   Thumb Code     0  startup_stm32f407xx.o(.text)
    TAMP_STAMP_IRQHandler                    0x08000273   Thumb Code     0  startup_stm32f407xx.o(.text)
    TIM1_BRK_TIM9_IRQHandler                 0x08000273   Thumb Code     0  startup_stm32f407xx.o(.text)
    TIM1_CC_IRQHandler                       0x08000273   Thumb Code     0  startup_stm32f407xx.o(.text)
    TIM1_TRG_COM_TIM11_IRQHandler            0x08000273   Thumb Code     0  startup_stm32f407xx.o(.text)
    TIM1_UP_TIM10_IRQHandler                 0x08000273   Thumb Code     0  startup_stm32f407xx.o(.text)
    TIM2_IRQHandler                          0x08000273   Thumb Code     0  startup_stm32f407xx.o(.text)
    TIM3_IRQHandler                          0x08000273   Thumb Code     0  startup_stm32f407xx.o(.text)
    TIM4_IRQHandler                          0x08000273   Thumb Code     0  startup_stm32f407xx.o(.text)
    TIM5_IRQHandler                          0x08000273   Thumb Code     0  startup_stm32f407xx.o(.text)
    TIM7_IRQHandler                          0x08000273   Thumb Code     0  startup_stm32f407xx.o(.text)
    TIM8_BRK_TIM12_IRQHandler                0x08000273   Thumb Code     0  startup_stm32f407xx.o(.text)
    TIM8_CC_IRQHandler                       0x08000273   Thumb Code     0  startup_stm32f407xx.o(.text)
    TIM8_TRG_COM_TIM14_IRQHandler            0x08000273   Thumb Code     0  startup_stm32f407xx.o(.text)
    TIM8_UP_TIM13_IRQHandler                 0x08000273   Thumb Code     0  startup_stm32f407xx.o(.text)
    UART4_IRQHandler                         0x08000273   Thumb Code     0  startup_stm32f407xx.o(.text)
    UART5_IRQHandler                         0x08000273   Thumb Code     0  startup_stm32f407xx.o(.text)
    USART1_IRQHandler                        0x08000273   Thumb Code     0  startup_stm32f407xx.o(.text)
    USART6_IRQHandler                        0x08000273   Thumb Code     0  startup_stm32f407xx.o(.text)
    WWDG_IRQHandler                          0x08000273   Thumb Code     0  startup_stm32f407xx.o(.text)
    __aeabi_uldivmod                         0x0800027d   Thumb Code    98  uldiv.o(.text)
    __aeabi_memcpy                           0x080002df   Thumb Code    36  memcpya.o(.text)
    __aeabi_memcpy4                          0x080002df   Thumb Code     0  memcpya.o(.text)
    __aeabi_memcpy8                          0x080002df   Thumb Code     0  memcpya.o(.text)
    __aeabi_memset                           0x08000303   Thumb Code    14  memseta.o(.text)
    __aeabi_memset4                          0x08000303   Thumb Code     0  memseta.o(.text)
    __aeabi_memset8                          0x08000303   Thumb Code     0  memseta.o(.text)
    __aeabi_memclr                           0x08000311   Thumb Code     4  memseta.o(.text)
    __aeabi_memclr4                          0x08000311   Thumb Code     0  memseta.o(.text)
    __aeabi_memclr8                          0x08000311   Thumb Code     0  memseta.o(.text)
    _memset$wrapper                          0x08000315   Thumb Code    18  memseta.o(.text)
    strlen                                   0x08000327   Thumb Code    14  strlen.o(.text)
    __aeabi_uidiv                            0x08000335   Thumb Code     0  uidiv.o(.text)
    __aeabi_uidivmod                         0x08000335   Thumb Code    44  uidiv.o(.text)
    __aeabi_llsl                             0x08000361   Thumb Code    30  llshl.o(.text)
    _ll_shift_l                              0x08000361   Thumb Code     0  llshl.o(.text)
    __aeabi_llsr                             0x0800037f   Thumb Code    32  llushr.o(.text)
    _ll_ushift_r                             0x0800037f   Thumb Code     0  llushr.o(.text)
    __scatterload                            0x080003a1   Thumb Code    28  init.o(.text)
    __scatterload_rt2                        0x080003a1   Thumb Code     0  init.o(.text)
    BusFault_Handler                         0x080003c5   Thumb Code     2  stm32f4xx_it.o(i.BusFault_Handler)
    Callback01                               0x080003c9   Thumb Code    14  main.o(i.Callback01)
    Callback02                               0x080003e1   Thumb Code    62  main.o(i.Callback02)
    DebugMon_Handler                         0x08000431   Thumb Code     2  stm32f4xx_it.o(i.DebugMon_Handler)
    E2PROMController                         0x08000435   Thumb Code    18  main.o(i.E2PROMController)
    EE_Init                                  0x080004e9   Thumb Code   378  eeprom.o(i.EE_Init)
    EE_ReadVariable                          0x0800072d   Thumb Code    64  eeprom.o(i.EE_ReadVariable)
    EE_WriteVariable                         0x080007f1   Thumb Code    28  eeprom.o(i.EE_WriteVariable)
    EXTI0_IRQHandler                         0x0800080d   Thumb Code    38  stm32f4xx_it.o(i.EXTI0_IRQHandler)
    EXTI9_5_IRQHandler                       0x0800083d   Thumb Code    86  stm32f4xx_it.o(i.EXTI9_5_IRQHandler)
    FLASH_Erase_Sector                       0x0800089d   Thumb Code    74  stm32f4xx_hal_flash_ex.o(i.FLASH_Erase_Sector)
    FLASH_FlushCaches                        0x080008ed   Thumb Code    80  stm32f4xx_hal_flash_ex.o(i.FLASH_FlushCaches)
    FLASH_WaitForLastOperation               0x08000a61   Thumb Code    72  stm32f4xx_hal_flash.o(i.FLASH_WaitForLastOperation)
    HAL_DMA_Abort_IT                         0x08000ab1   Thumb Code    36  stm32f4xx_hal_dma.o(i.HAL_DMA_Abort_IT)
    HAL_Delay                                0x08000ad5   Thumb Code    32  stm32f4xx_hal.o(i.HAL_Delay)
    HAL_FLASHEx_Erase                        0x08000af9   Thumb Code   144  stm32f4xx_hal_flash_ex.o(i.HAL_FLASHEx_Erase)
    HAL_FLASH_Lock                           0x08000b91   Thumb Code    14  stm32f4xx_hal_flash.o(i.HAL_FLASH_Lock)
    HAL_FLASH_Program                        0x08000ba5   Thumb Code   116  stm32f4xx_hal_flash.o(i.HAL_FLASH_Program)
    HAL_FLASH_Unlock                         0x08000c21   Thumb Code    32  stm32f4xx_hal_flash.o(i.HAL_FLASH_Unlock)
    HAL_GPIO_EXTI_Callback                   0x08000c4d   Thumb Code     2  stm32f4xx_hal_gpio.o(i.HAL_GPIO_EXTI_Callback)
    HAL_GPIO_EXTI_IRQHandler                 0x08000c51   Thumb Code    18  stm32f4xx_hal_gpio.o(i.HAL_GPIO_EXTI_IRQHandler)
    HAL_GPIO_Init                            0x08000c69   Thumb Code   388  stm32f4xx_hal_gpio.o(i.HAL_GPIO_Init)
    HAL_GPIO_ReadPin                         0x08000e19   Thumb Code    10  stm32f4xx_hal_gpio.o(i.HAL_GPIO_ReadPin)
    HAL_GPIO_TogglePin                       0x08000e23   Thumb Code     8  stm32f4xx_hal_gpio.o(i.HAL_GPIO_TogglePin)
    HAL_GPIO_WritePin                        0x08000e2b   Thumb Code    10  stm32f4xx_hal_gpio.o(i.HAL_GPIO_WritePin)
    HAL_GetTick                              0x08000e35   Thumb Code     6  stm32f4xx_hal.o(i.HAL_GetTick)
    HAL_IncTick                              0x08000e41   Thumb Code    12  stm32f4xx_hal.o(i.HAL_IncTick)
    HAL_Init                                 0x08000e51   Thumb Code    48  stm32f4xx_hal.o(i.HAL_Init)
    HAL_InitTick                             0x08000e85   Thumb Code   100  stm32f4xx_hal_timebase_tim.o(i.HAL_InitTick)
    HAL_MspInit                              0x08000ef9   Thumb Code    52  stm32f4xx_hal_msp.o(i.HAL_MspInit)
    HAL_NVIC_EnableIRQ                       0x08000f31   Thumb Code    22  stm32f4xx_hal_cortex.o(i.HAL_NVIC_EnableIRQ)
    HAL_NVIC_SetPriority                     0x08000f49   Thumb Code    60  stm32f4xx_hal_cortex.o(i.HAL_NVIC_SetPriority)
    HAL_NVIC_SetPriorityGrouping             0x08000f89   Thumb Code    26  stm32f4xx_hal_cortex.o(i.HAL_NVIC_SetPriorityGrouping)
    HAL_NVIC_SystemReset                     0x08000fad   Thumb Code    26  stm32f4xx_hal_cortex.o(i.HAL_NVIC_SystemReset)
    HAL_RCCEx_PeriphCLKConfig                0x08000fd1   Thumb Code   296  stm32f4xx_hal_rcc_ex.o(i.HAL_RCCEx_PeriphCLKConfig)
    HAL_RCC_ClockConfig                      0x0800110d   Thumb Code   286  stm32f4xx_hal_rcc.o(i.HAL_RCC_ClockConfig)
    HAL_RCC_GetClockConfig                   0x0800123d   Thumb Code    54  stm32f4xx_hal_rcc.o(i.HAL_RCC_GetClockConfig)
    HAL_RCC_GetPCLK1Freq                     0x0800127d   Thumb Code    20  stm32f4xx_hal_rcc.o(i.HAL_RCC_GetPCLK1Freq)
    HAL_RCC_GetPCLK2Freq                     0x0800129d   Thumb Code    20  stm32f4xx_hal_rcc.o(i.HAL_RCC_GetPCLK2Freq)
    HAL_RCC_GetSysClockFreq                  0x080012bd   Thumb Code    88  stm32f4xx_hal_rcc.o(i.HAL_RCC_GetSysClockFreq)
    HAL_RCC_OscConfig                        0x0800131d   Thumb Code   770  stm32f4xx_hal_rcc.o(i.HAL_RCC_OscConfig)
    HAL_RTC_Init                             0x08001639   Thumb Code   166  stm32f4xx_hal_rtc.o(i.HAL_RTC_Init)
    HAL_RTC_MspInit                          0x080016e5   Thumb Code    16  stm32f4xx_hal_msp.o(i.HAL_RTC_MspInit)
    HAL_RTC_SetDate                          0x080016fd   Thumb Code   194  stm32f4xx_hal_rtc.o(i.HAL_RTC_SetDate)
    HAL_RTC_SetTime                          0x080017c5   Thumb Code   236  stm32f4xx_hal_rtc.o(i.HAL_RTC_SetTime)
    HAL_RTC_WaitForSynchro                   0x080018b5   Thumb Code    54  stm32f4xx_hal_rtc.o(i.HAL_RTC_WaitForSynchro)
    HAL_TIMEx_BreakCallback                  0x080018eb   Thumb Code     2  stm32f4xx_hal_tim_ex.o(i.HAL_TIMEx_BreakCallback)
    HAL_TIMEx_CommutationCallback            0x080018ed   Thumb Code     2  stm32f4xx_hal_tim_ex.o(i.HAL_TIMEx_CommutationCallback)
    HAL_TIM_Base_Init                        0x080018ef   Thumb Code    54  stm32f4xx_hal_tim.o(i.HAL_TIM_Base_Init)
    HAL_TIM_Base_MspInit                     0x08001925   Thumb Code     2  stm32f4xx_hal_tim.o(i.HAL_TIM_Base_MspInit)
    HAL_TIM_Base_Start_IT                    0x08001927   Thumb Code    24  stm32f4xx_hal_tim.o(i.HAL_TIM_Base_Start_IT)
    HAL_TIM_IC_CaptureCallback               0x0800193f   Thumb Code     2  stm32f4xx_hal_tim.o(i.HAL_TIM_IC_CaptureCallback)
    HAL_TIM_IRQHandler                       0x08001941   Thumb Code   358  stm32f4xx_hal_tim.o(i.HAL_TIM_IRQHandler)
    HAL_TIM_OC_DelayElapsedCallback          0x08001aa7   Thumb Code     2  stm32f4xx_hal_tim.o(i.HAL_TIM_OC_DelayElapsedCallback)
    HAL_TIM_PWM_PulseFinishedCallback        0x08001aa9   Thumb Code     2  stm32f4xx_hal_tim.o(i.HAL_TIM_PWM_PulseFinishedCallback)
    HAL_TIM_PeriodElapsedCallback            0x08001aad   Thumb Code    14  main.o(i.HAL_TIM_PeriodElapsedCallback)
    HAL_TIM_TriggerCallback                  0x08001ac1   Thumb Code     2  stm32f4xx_hal_tim.o(i.HAL_TIM_TriggerCallback)
    HAL_UART_ErrorCallback                   0x08001ac3   Thumb Code     2  stm32f4xx_hal_uart.o(i.HAL_UART_ErrorCallback)
    HAL_UART_IRQHandler                      0x08001ac5   Thumb Code   266  stm32f4xx_hal_uart.o(i.HAL_UART_IRQHandler)
    HAL_UART_Init                            0x08001bd5   Thumb Code    98  stm32f4xx_hal_uart.o(i.HAL_UART_Init)
    HAL_UART_MspInit                         0x08001c39   Thumb Code   170  stm32f4xx_hal_msp.o(i.HAL_UART_MspInit)
    HAL_UART_RxCpltCallback                  0x08001cf9   Thumb Code     2  stm32f4xx_hal_uart.o(i.HAL_UART_RxCpltCallback)
    HAL_UART_Transmit                        0x08001cfb   Thumb Code   186  stm32f4xx_hal_uart.o(i.HAL_UART_Transmit)
    HAL_UART_TxCpltCallback                  0x08001db5   Thumb Code     2  stm32f4xx_hal_uart.o(i.HAL_UART_TxCpltCallback)
    HardFault_Handler                        0x08001db7   Thumb Code     2  stm32f4xx_it.o(i.HardFault_Handler)
    LCDController                            0x08001db9   Thumb Code     6  main.o(i.LCDController)
    LiquidCrystal                            0x08001dc1   Thumb Code    66  liquidcrystal.o(i.LiquidCrystal)
    MemManage_Handler                        0x08001f6d   Thumb Code     2  stm32f4xx_it.o(i.MemManage_Handler)
    NMI_Handler                              0x08001f6f   Thumb Code     2  stm32f4xx_it.o(i.NMI_Handler)
    RTCController                            0x08001f91   Thumb Code    28  main.o(i.RTCController)
    RTCInitialization                        0x08001fb5   Thumb Code    62  main.o(i.RTCInitialization)
    RTC_Bcd2ToByte                           0x08001ffd   Thumb Code    18  stm32f4xx_hal_rtc.o(i.RTC_Bcd2ToByte)
    RTC_ByteToBcd2                           0x0800200f   Thumb Code    22  stm32f4xx_hal_rtc.o(i.RTC_ByteToBcd2)
    RTC_EnterInitMode                        0x08002025   Thumb Code    58  stm32f4xx_hal_rtc.o(i.RTC_EnterInitMode)
    StartDefaultTask                         0x0800205f   Thumb Code     8  main.o(i.StartDefaultTask)
    SysTick_Handler                          0x08002069   Thumb Code    38  port.o(i.SysTick_Handler)
    SystemClock_Config                       0x08002095   Thumb Code   148  main.o(i.SystemClock_Config)
    SystemInit                               0x08002131   Thumb Code    66  system_stm32f4xx.o(i.SystemInit)
    TIM6_DAC_IRQHandler                      0x08002185   Thumb Code     6  stm32f4xx_it.o(i.TIM6_DAC_IRQHandler)
    TIM_Base_SetConfig                       0x08002191   Thumb Code   148  stm32f4xx_hal_tim.o(i.TIM_Base_SetConfig)
    USART2_IRQHandler                        0x0800267d   Thumb Code     6  stm32f4xx_it.o(i.USART2_IRQHandler)
    USART3_IRQHandler                        0x08002689   Thumb Code     6  stm32f4xx_it.o(i.USART3_IRQHandler)
    UsageFault_Handler                       0x08002695   Thumb Code     2  stm32f4xx_it.o(i.UsageFault_Handler)
    WebPanelController                       0x08002699   Thumb Code    22  main.o(i.WebPanelController)
    __0printf$6                              0x080026b5   Thumb Code    22  printf6.o(i.__0printf$6)
    __1printf$6                              0x080026b5   Thumb Code     0  printf6.o(i.__0printf$6)
    __2printf                                0x080026b5   Thumb Code     0  printf6.o(i.__0printf$6)
    __0sprintf$6                             0x080026d5   Thumb Code    34  printf6.o(i.__0sprintf$6)
    __1sprintf$6                             0x080026d5   Thumb Code     0  printf6.o(i.__0sprintf$6)
    __2sprintf                               0x080026d5   Thumb Code     0  printf6.o(i.__0sprintf$6)
    __scatterload_copy                       0x080026fd   Thumb Code    14  handlers.o(i.__scatterload_copy)
    __scatterload_null                       0x0800270b   Thumb Code     2  handlers.o(i.__scatterload_null)
    __scatterload_zeroinit                   0x0800270d   Thumb Code    14  handlers.o(i.__scatterload_zeroinit)
    atCommound                               0x08002a69   Thumb Code    96  main.o(i.atCommound)
    begin                                    0x08002b45   Thumb Code   302  liquidcrystal.o(i.begin)
    clear                                    0x08002c7d   Thumb Code    18  liquidcrystal.o(i.clear)
    command                                  0x08002c8f   Thumb Code     6  liquidcrystal.o(i.command)
    display                                  0x08002c95   Thumb Code    18  liquidcrystal.o(i.display)
    eepromGetId                              0x08002cad   Thumb Code   116  main.o(i.eepromGetId)
    enableClock                              0x08002d29   Thumb Code   142  liquidcrystal.o(i.enableClock)
    fputc                                    0x08002dd9   Thumb Code    20  main.o(i.fputc)
    init                                     0x08002dfd   Thumb Code    72  liquidcrystal.o(i.init)
    keypadController                         0x08002e4d   Thumb Code    12  main.o(i.keypadController)
    main                                     0x08002e59   Thumb Code   288  main.o(i.main)
    manageKeypad                             0x08002f9d   Thumb Code   762  main.o(i.manageKeypad)
    osDelay                                  0x08003349   Thumb Code    14  cmsis_os.o(i.osDelay)
    osKernelStart                            0x08003357   Thumb Code    10  cmsis_os.o(i.osKernelStart)
    osSemaphoreCreate                        0x08003361   Thumb Code    38  cmsis_os.o(i.osSemaphoreCreate)
    osThreadCreate                           0x08003387   Thumb Code    46  cmsis_os.o(i.osThreadCreate)
    osTimerCreate                            0x080033b5   Thumb Code    30  cmsis_os.o(i.osTimerCreate)
    osTimerStart                             0x080033d9   Thumb Code    88  cmsis_os.o(i.osTimerStart)
    osTimerStop                              0x08003435   Thumb Code    82  cmsis_os.o(i.osTimerStop)
    print                                    0x0800348d   Thumb Code    40  liquidcrystal.o(i.print)
    pulseEnable                              0x08003bb9   Thumb Code    56  liquidcrystal.o(i.pulseEnable)
    pvPortMalloc                             0x08003bf5   Thumb Code   210  heap_4.o(i.pvPortMalloc)
    pvTaskIncrementMutexHeldCount            0x08003ccd   Thumb Code    18  tasks.o(i.pvTaskIncrementMutexHeldCount)
    pxPortInitialiseStack                    0x08003ce5   Thumb Code    40  port.o(i.pxPortInitialiseStack)
    send                                     0x08003d11   Thumb Code    62  liquidcrystal.o(i.send)
    setCursor                                0x08003d55   Thumb Code    36  liquidcrystal.o(i.setCursor)
    setRTC                                   0x08003d7d   Thumb Code   148  main.o(i.setRTC)
    setRowOffsets                            0x08003e4d   Thumb Code    14  liquidcrystal.o(i.setRowOffsets)
    startPage                                0x08003e61   Thumb Code    48  main.o(i.startPage)
    uxListRemove                             0x08003ead   Thumb Code    36  list.o(i.uxListRemove)
    vListInitialise                          0x08003ed1   Thumb Code    22  list.o(i.vListInitialise)
    vListInitialiseItem                      0x08003ee7   Thumb Code     6  list.o(i.vListInitialiseItem)
    vListInsert                              0x08003eed   Thumb Code    48  list.o(i.vListInsert)
    vListInsertEnd                           0x08003f1d   Thumb Code    24  list.o(i.vListInsertEnd)
    vPortEnterCritical                       0x08003f35   Thumb Code    54  port.o(i.vPortEnterCritical)
    vPortExitCritical                        0x08003f75   Thumb Code    34  port.o(i.vPortExitCritical)
    vPortFree                                0x08003f9d   Thumb Code    88  heap_4.o(i.vPortFree)
    vPortSetupTimerInterrupt                 0x08003ff9   Thumb Code    26  port.o(i.vPortSetupTimerInterrupt)
    vPortValidateInterruptPriority           0x08004019   Thumb Code    74  port.o(i.vPortValidateInterruptPriority)
    vQueueAddToRegistry                      0x0800406d   Thumb Code    34  queue.o(i.vQueueAddToRegistry)
    vQueueWaitForMessageRestricted           0x08004095   Thumb Code    68  queue.o(i.vQueueWaitForMessageRestricted)
    vTaskDelay                               0x080040d9   Thumb Code    66  tasks.o(i.vTaskDelay)
    vTaskMissedYield                         0x08004125   Thumb Code     8  tasks.o(i.vTaskMissedYield)
    vTaskPlaceOnEventList                    0x08004131   Thumb Code    44  tasks.o(i.vTaskPlaceOnEventList)
    vTaskPlaceOnEventListRestricted          0x08004161   Thumb Code    52  tasks.o(i.vTaskPlaceOnEventListRestricted)
    vTaskPriorityInherit                     0x08004199   Thumb Code   124  tasks.o(i.vTaskPriorityInherit)
    vTaskSetTimeOutState                     0x0800421d   Thumb Code    30  tasks.o(i.vTaskSetTimeOutState)
    vTaskStartScheduler                      0x08004241   Thumb Code    94  tasks.o(i.vTaskStartScheduler)
    vTaskSuspendAll                          0x080042b1   Thumb Code    10  tasks.o(i.vTaskSuspendAll)
    vTaskSwitchContext                       0x080042c1   Thumb Code    82  tasks.o(i.vTaskSwitchContext)
    write                                    0x0800431d   Thumb Code    12  liquidcrystal.o(i.write)
    write4bits                               0x08004329   Thumb Code    44  liquidcrystal.o(i.write4bits)
    write8bits                               0x0800435d   Thumb Code    44  liquidcrystal.o(i.write8bits)
    xPortStartScheduler                      0x08004391   Thumb Code   202  port.o(i.xPortStartScheduler)
    xQueueGenericCreate                      0x08004471   Thumb Code    72  queue.o(i.xQueueGenericCreate)
    xQueueGenericReceive                     0x080044b9   Thumb Code   360  queue.o(i.xQueueGenericReceive)
    xQueueGenericReset                       0x08004625   Thumb Code   132  queue.o(i.xQueueGenericReset)
    xQueueGenericSend                        0x080046ad   Thumb Code   346  queue.o(i.xQueueGenericSend)
    xQueueGenericSendFromISR                 0x0800480d   Thumb Code   188  queue.o(i.xQueueGenericSendFromISR)
    xTaskCheckForTimeOut                     0x080048c9   Thumb Code   102  tasks.o(i.xTaskCheckForTimeOut)
    xTaskCreate                              0x08004935   Thumb Code    86  tasks.o(i.xTaskCreate)
    xTaskGetSchedulerState                   0x0800498d   Thumb Code    22  tasks.o(i.xTaskGetSchedulerState)
    xTaskGetTickCount                        0x080049a9   Thumb Code     6  tasks.o(i.xTaskGetTickCount)
    xTaskIncrementTick                       0x080049b5   Thumb Code   192  tasks.o(i.xTaskIncrementTick)
    xTaskPriorityDisinherit                  0x08004a7d   Thumb Code   144  tasks.o(i.xTaskPriorityDisinherit)
    xTaskRemoveFromEventList                 0x08004b15   Thumb Code   108  tasks.o(i.xTaskRemoveFromEventList)
    xTaskResumeAll                           0x08004b89   Thumb Code   182  tasks.o(i.xTaskResumeAll)
    xTimerCreate                             0x08004c4d   Thumb Code    78  timers.o(i.xTimerCreate)
    xTimerCreateTimerTask                    0x08004c9d   Thumb Code    56  timers.o(i.xTimerCreateTimerTask)
    xTimerGenericCommand                     0x08004ce5   Thumb Code    92  timers.o(i.xTimerGenericCommand)
    keypad                                   0x08004d4c   Data          16  main.o(.constdata)
    AHBPrescTable                            0x08004dd4   Data          16  system_stm32f4xx.o(.constdata)
    APBPrescTable                            0x08004de4   Data           8  system_stm32f4xx.o(.constdata)
    Region$$Table$$Base                      0x08004e14   Number         0  anon$$obj.o(Region$$Table)
    Region$$Table$$Limit                     0x08004e34   Number         0  anon$$obj.o(Region$$Table)
    _fourbit_mode                            0x20000000   Data           1  liquidcrystal.o(.data)
    dotsize                                  0x20000001   Data           1  liquidcrystal.o(.data)
    _displayfunction                         0x20000002   Data           1  liquidcrystal.o(.data)
    _displaycontrol                          0x20000003   Data           1  liquidcrystal.o(.data)
    _displaymode                             0x20000004   Data           1  liquidcrystal.o(.data)
    _numlines                                0x20000005   Data           1  liquidcrystal.o(.data)
    _rs_pin                                  0x20000006   Data           2  liquidcrystal.o(.data)
    _rw_pin                                  0x20000008   Data           2  liquidcrystal.o(.data)
    _enable_pin                              0x2000000a   Data           2  liquidcrystal.o(.data)
    _port                                    0x2000000c   Data           4  liquidcrystal.o(.data)
    _row_offsets                             0x20000010   Data           4  liquidcrystal.o(.data)
    DataVar                                  0x20000014   Data           2  eeprom.o(.data)
    clearScreen                              0x20000018   Data           1  main.o(.data)
    E2PROMFlag                               0x20000019   Data           1  main.o(.data)
    ESPFlag                                  0x2000001a   Data           1  main.o(.data)
    E2PROMCounter                            0x2000001c   Data           2  main.o(.data)
    cursore                                  0x20000020   Data           4  main.o(.data)
    cntr                                     0x20000024   Data           4  main.o(.data)
    mydate                                   0x20000028   Data           4  main.o(.data)
    column                                   0x2000002c   Data           4  main.o(.data)
    defaultTaskHandle                        0x20000030   Data           4  main.o(.data)
    RTCHandle                                0x20000034   Data           4  main.o(.data)
    KeypadHandle                             0x20000038   Data           4  main.o(.data)
    LCDHandle                                0x2000003c   Data           4  main.o(.data)
    EEPROMHandle                             0x20000040   Data           4  main.o(.data)
    ESPHandle                                0x20000044   Data           4  main.o(.data)
    myTimer01Handle                          0x20000048   Data           4  main.o(.data)
    myTimer02Handle                          0x2000004c   Data           4  main.o(.data)
    UIDSemaphoreHandle                       0x20000050   Data           4  main.o(.data)
    VirtAddVarTab                            0x20000054   Data           6  main.o(.data)
    keypadFlag                               0x2000005a   Data           1  stm32f4xx_it.o(.data)
    RTCFlag                                  0x2000005b   Data           1  stm32f4xx_it.o(.data)
    resetFlag                                0x2000005c   Data           1  stm32f4xx_it.o(.data)
    uwTickFreq                               0x20000060   Data           1  stm32f4xx_hal.o(.data)
    uwTickPrio                               0x20000064   Data           4  stm32f4xx_hal.o(.data)
    uwTick                                   0x20000068   Data           4  stm32f4xx_hal.o(.data)
    SystemCoreClock                          0x2000006c   Data           4  system_stm32f4xx.o(.data)
    pxCurrentTCB                             0x20000070   Data           4  tasks.o(.data)
    __stdout                                 0x200000e4   Data           4  stdout.o(.data)
    _data_pins                               0x200000e8   Data          16  liquidcrystal.o(.bss)
    str                                      0x200000f8   Data          20  main.o(.bss)
    str2                                     0x2000010c   Data          20  main.o(.bss)
    mytime                                   0x20000120   Data          20  main.o(.bss)
    StudentNumber                            0x20000134   Data         100  main.o(.bss)
    hrtc                                     0x20000198   Data          32  main.o(.bss)
    huart2                                   0x200001b8   Data          64  main.o(.bss)
    huart3                                   0x200001f8   Data          64  main.o(.bss)
    htim6                                    0x20000238   Data          60  stm32f4xx_hal_timebase_tim.o(.bss)
    pFlash                                   0x20000274   Data          32  stm32f4xx_hal_flash.o(.bss)
    xQueueRegistry                           0x20000294   Data          64  queue.o(.bss)
    __initial_sp                             0x200043f0   Data           0  startup_stm32f407xx.o(STACK)



==============================================================================

Memory Map of the image

  Image Entry point : 0x08000189

  Load Region LR_IROM1 (Base: 0x08000000, Size: 0x00004f1c, Max: 0x00100000, ABSOLUTE)

    Execution Region ER_IROM1 (Exec base: 0x08000000, Load base: 0x08000000, Size: 0x00004e34, Max: 0x00100000, ABSOLUTE)

    Exec Addr    Load Addr    Size         Type   Attr      Idx    E Section Name        Object

    0x08000000   0x08000000   0x00000188   Data   RO            3    RESET               startup_stm32f407xx.o
    0x08000188   0x08000188   0x00000000   Code   RO         4628  * .ARM.Collect$$$$00000000  mc_w.l(entry.o)
    0x08000188   0x08000188   0x00000004   Code   RO         4902    .ARM.Collect$$$$00000001  mc_w.l(entry2.o)
    0x0800018c   0x0800018c   0x00000004   Code   RO         4905    .ARM.Collect$$$$00000004  mc_w.l(entry5.o)
    0x08000190   0x08000190   0x00000000   Code   RO         4907    .ARM.Collect$$$$00000008  mc_w.l(entry7b.o)
    0x08000190   0x08000190   0x00000000   Code   RO         4909    .ARM.Collect$$$$0000000A  mc_w.l(entry8b.o)
    0x08000190   0x08000190   0x00000008   Code   RO         4910    .ARM.Collect$$$$0000000B  mc_w.l(entry9a.o)
    0x08000198   0x08000198   0x00000000   Code   RO         4912    .ARM.Collect$$$$0000000D  mc_w.l(entry10a.o)
    0x08000198   0x08000198   0x00000000   Code   RO         4914    .ARM.Collect$$$$0000000F  mc_w.l(entry11a.o)
    0x08000198   0x08000198   0x00000004   Code   RO         4903    .ARM.Collect$$$$00002712  mc_w.l(entry2.o)
    0x0800019c   0x0800019c   0x000000ba   Code   RO         4551    .emb_text           port.o
    0x08000256   0x08000256   0x00000002   PAD
    0x08000258   0x08000258   0x00000024   Code   RO            4    .text               startup_stm32f407xx.o
    0x0800027c   0x0800027c   0x00000062   Code   RO         4631    .text               mc_w.l(uldiv.o)
    0x080002de   0x080002de   0x00000024   Code   RO         4633    .text               mc_w.l(memcpya.o)
    0x08000302   0x08000302   0x00000024   Code   RO         4635    .text               mc_w.l(memseta.o)
    0x08000326   0x08000326   0x0000000e   Code   RO         4637    .text               mc_w.l(strlen.o)
    0x08000334   0x08000334   0x0000002c   Code   RO         4917    .text               mc_w.l(uidiv.o)
    0x08000360   0x08000360   0x0000001e   Code   RO         4919    .text               mc_w.l(llshl.o)
    0x0800037e   0x0800037e   0x00000020   Code   RO         4921    .text               mc_w.l(llushr.o)
    0x0800039e   0x0800039e   0x00000002   PAD
    0x080003a0   0x080003a0   0x00000024   Code   RO         4934    .text               mc_w.l(init.o)
    0x080003c4   0x080003c4   0x00000002   Code   RO          624    i.BusFault_Handler  stm32f4xx_it.o
    0x080003c6   0x080003c6   0x00000002   PAD
    0x080003c8   0x080003c8   0x00000018   Code   RO          375    i.Callback01        main.o
    0x080003e0   0x080003e0   0x00000050   Code   RO          376    i.Callback02        main.o
    0x08000430   0x08000430   0x00000002   Code   RO          625    i.DebugMon_Handler  stm32f4xx_it.o
    0x08000432   0x08000432   0x00000002   PAD
    0x08000434   0x08000434   0x00000018   Code   RO          377    i.E2PROMController  main.o
    0x0800044c   0x0800044c   0x0000003c   Code   RO          307    i.EE_FindValidPage  eeprom.o
    0x08000488   0x08000488   0x00000060   Code   RO          308    i.EE_Format         eeprom.o
    0x080004e8   0x080004e8   0x0000018c   Code   RO          309    i.EE_Init           eeprom.o
    0x08000674   0x08000674   0x000000b8   Code   RO          310    i.EE_PageTransfer   eeprom.o
    0x0800072c   0x0800072c   0x00000048   Code   RO          311    i.EE_ReadVariable   eeprom.o
    0x08000774   0x08000774   0x00000058   Code   RO          312    i.EE_VerifyPageFullWriteVariable  eeprom.o
    0x080007cc   0x080007cc   0x00000024   Code   RO          313    i.EE_VerifyPageFullyErased  eeprom.o
    0x080007f0   0x080007f0   0x0000001c   Code   RO          314    i.EE_WriteVariable  eeprom.o
    0x0800080c   0x0800080c   0x00000030   Code   RO          626    i.EXTI0_IRQHandler  stm32f4xx_it.o
    0x0800083c   0x0800083c   0x00000060   Code   RO          627    i.EXTI9_5_IRQHandler  stm32f4xx_it.o
    0x0800089c   0x0800089c   0x00000050   Code   RO         2637    i.FLASH_Erase_Sector  stm32f4xx_hal_flash_ex.o
    0x080008ec   0x080008ec   0x00000054   Code   RO         2638    i.FLASH_FlushCaches  stm32f4xx_hal_flash_ex.o
    0x08000940   0x08000940   0x00000028   Code   RO         2639    i.FLASH_MassErase   stm32f4xx_hal_flash_ex.o
    0x08000968   0x08000968   0x00000020   Code   RO         2519    i.FLASH_Program_Byte  stm32f4xx_hal_flash.o
    0x08000988   0x08000988   0x00000028   Code   RO         2520    i.FLASH_Program_DoubleWord  stm32f4xx_hal_flash.o
    0x080009b0   0x080009b0   0x00000024   Code   RO         2521    i.FLASH_Program_HalfWord  stm32f4xx_hal_flash.o
    0x080009d4   0x080009d4   0x00000024   Code   RO         2522    i.FLASH_Program_Word  stm32f4xx_hal_flash.o
    0x080009f8   0x080009f8   0x00000068   Code   RO         2523    i.FLASH_SetErrorCode  stm32f4xx_hal_flash.o
    0x08000a60   0x08000a60   0x00000050   Code   RO         2524    i.FLASH_WaitForLastOperation  stm32f4xx_hal_flash.o
    0x08000ab0   0x08000ab0   0x00000024   Code   RO         2826    i.HAL_DMA_Abort_IT  stm32f4xx_hal_dma.o
    0x08000ad4   0x08000ad4   0x00000024   Code   RO         3244    i.HAL_Delay         stm32f4xx_hal.o
    0x08000af8   0x08000af8   0x00000098   Code   RO         2640    i.HAL_FLASHEx_Erase  stm32f4xx_hal_flash_ex.o
    0x08000b90   0x08000b90   0x00000014   Code   RO         2528    i.HAL_FLASH_Lock    stm32f4xx_hal_flash.o
    0x08000ba4   0x08000ba4   0x0000007c   Code   RO         2533    i.HAL_FLASH_Program  stm32f4xx_hal_flash.o
    0x08000c20   0x08000c20   0x0000002c   Code   RO         2535    i.HAL_FLASH_Unlock  stm32f4xx_hal_flash.o
    0x08000c4c   0x08000c4c   0x00000002   Code   RO         2716    i.HAL_GPIO_EXTI_Callback  stm32f4xx_hal_gpio.o
    0x08000c4e   0x08000c4e   0x00000002   PAD
    0x08000c50   0x08000c50   0x00000018   Code   RO         2717    i.HAL_GPIO_EXTI_IRQHandler  stm32f4xx_hal_gpio.o
    0x08000c68   0x08000c68   0x000001b0   Code   RO         2718    i.HAL_GPIO_Init     stm32f4xx_hal_gpio.o
    0x08000e18   0x08000e18   0x0000000a   Code   RO         2720    i.HAL_GPIO_ReadPin  stm32f4xx_hal_gpio.o
    0x08000e22   0x08000e22   0x00000008   Code   RO         2721    i.HAL_GPIO_TogglePin  stm32f4xx_hal_gpio.o
    0x08000e2a   0x08000e2a   0x0000000a   Code   RO         2722    i.HAL_GPIO_WritePin  stm32f4xx_hal_gpio.o
    0x08000e34   0x08000e34   0x0000000c   Code   RO         3250    i.HAL_GetTick       stm32f4xx_hal.o
    0x08000e40   0x08000e40   0x00000010   Code   RO         3254    i.HAL_IncTick       stm32f4xx_hal.o
    0x08000e50   0x08000e50   0x00000034   Code   RO         3255    i.HAL_Init          stm32f4xx_hal.o
    0x08000e84   0x08000e84   0x00000074   Code   RO          763    i.HAL_InitTick      stm32f4xx_hal_timebase_tim.o
    0x08000ef8   0x08000ef8   0x00000038   Code   RO          715    i.HAL_MspInit       stm32f4xx_hal_msp.o
    0x08000f30   0x08000f30   0x00000016   Code   RO         3107    i.HAL_NVIC_EnableIRQ  stm32f4xx_hal_cortex.o
    0x08000f46   0x08000f46   0x00000002   PAD
    0x08000f48   0x08000f48   0x00000040   Code   RO         3113    i.HAL_NVIC_SetPriority  stm32f4xx_hal_cortex.o
    0x08000f88   0x08000f88   0x00000024   Code   RO         3114    i.HAL_NVIC_SetPriorityGrouping  stm32f4xx_hal_cortex.o
    0x08000fac   0x08000fac   0x00000024   Code   RO         3115    i.HAL_NVIC_SystemReset  stm32f4xx_hal_cortex.o
    0x08000fd0   0x08000fd0   0x0000013c   Code   RO         2469    i.HAL_RCCEx_PeriphCLKConfig  stm32f4xx_hal_rcc_ex.o
    0x0800110c   0x0800110c   0x00000130   Code   RO         2364    i.HAL_RCC_ClockConfig  stm32f4xx_hal_rcc.o
    0x0800123c   0x0800123c   0x00000040   Code   RO         2368    i.HAL_RCC_GetClockConfig  stm32f4xx_hal_rcc.o
    0x0800127c   0x0800127c   0x00000020   Code   RO         2371    i.HAL_RCC_GetPCLK1Freq  stm32f4xx_hal_rcc.o
    0x0800129c   0x0800129c   0x00000020   Code   RO         2372    i.HAL_RCC_GetPCLK2Freq  stm32f4xx_hal_rcc.o
    0x080012bc   0x080012bc   0x00000060   Code   RO         2373    i.HAL_RCC_GetSysClockFreq  stm32f4xx_hal_rcc.o
    0x0800131c   0x0800131c   0x0000031c   Code   RO         2376    i.HAL_RCC_OscConfig  stm32f4xx_hal_rcc.o
    0x08001638   0x08001638   0x000000ac   Code   RO          810    i.HAL_RTC_Init      stm32f4xx_hal_rtc.o
    0x080016e4   0x080016e4   0x00000018   Code   RO          717    i.HAL_RTC_MspInit   stm32f4xx_hal_msp.o
    0x080016fc   0x080016fc   0x000000c8   Code   RO          816    i.HAL_RTC_SetDate   stm32f4xx_hal_rtc.o
    0x080017c4   0x080017c4   0x000000f0   Code   RO          817    i.HAL_RTC_SetTime   stm32f4xx_hal_rtc.o
    0x080018b4   0x080018b4   0x00000036   Code   RO          818    i.HAL_RTC_WaitForSynchro  stm32f4xx_hal_rtc.o
    0x080018ea   0x080018ea   0x00000002   Code   RO         1798    i.HAL_TIMEx_BreakCallback  stm32f4xx_hal_tim_ex.o
    0x080018ec   0x080018ec   0x00000002   Code   RO         1799    i.HAL_TIMEx_CommutationCallback  stm32f4xx_hal_tim_ex.o
    0x080018ee   0x080018ee   0x00000036   Code   RO         1169    i.HAL_TIM_Base_Init  stm32f4xx_hal_tim.o
    0x08001924   0x08001924   0x00000002   Code   RO         1171    i.HAL_TIM_Base_MspInit  stm32f4xx_hal_tim.o
    0x08001926   0x08001926   0x00000018   Code   RO         1174    i.HAL_TIM_Base_Start_IT  stm32f4xx_hal_tim.o
    0x0800193e   0x0800193e   0x00000002   Code   RO         1198    i.HAL_TIM_IC_CaptureCallback  stm32f4xx_hal_tim.o
    0x08001940   0x08001940   0x00000166   Code   RO         1211    i.HAL_TIM_IRQHandler  stm32f4xx_hal_tim.o
    0x08001aa6   0x08001aa6   0x00000002   Code   RO         1214    i.HAL_TIM_OC_DelayElapsedCallback  stm32f4xx_hal_tim.o
    0x08001aa8   0x08001aa8   0x00000002   Code   RO         1241    i.HAL_TIM_PWM_PulseFinishedCallback  stm32f4xx_hal_tim.o
    0x08001aaa   0x08001aaa   0x00000002   PAD
    0x08001aac   0x08001aac   0x00000014   Code   RO          379    i.HAL_TIM_PeriodElapsedCallback  main.o
    0x08001ac0   0x08001ac0   0x00000002   Code   RO         1252    i.HAL_TIM_TriggerCallback  stm32f4xx_hal_tim.o
    0x08001ac2   0x08001ac2   0x00000002   Code   RO         2058    i.HAL_UART_ErrorCallback  stm32f4xx_hal_uart.o
    0x08001ac4   0x08001ac4   0x00000110   Code   RO         2061    i.HAL_UART_IRQHandler  stm32f4xx_hal_uart.o
    0x08001bd4   0x08001bd4   0x00000062   Code   RO         2062    i.HAL_UART_Init     stm32f4xx_hal_uart.o
    0x08001c36   0x08001c36   0x00000002   PAD
    0x08001c38   0x08001c38   0x000000c0   Code   RO          719    i.HAL_UART_MspInit  stm32f4xx_hal_msp.o
    0x08001cf8   0x08001cf8   0x00000002   Code   RO         2068    i.HAL_UART_RxCpltCallback  stm32f4xx_hal_uart.o
    0x08001cfa   0x08001cfa   0x000000ba   Code   RO         2070    i.HAL_UART_Transmit  stm32f4xx_hal_uart.o
    0x08001db4   0x08001db4   0x00000002   Code   RO         2073    i.HAL_UART_TxCpltCallback  stm32f4xx_hal_uart.o
    0x08001db6   0x08001db6   0x00000002   Code   RO          628    i.HardFault_Handler  stm32f4xx_it.o
    0x08001db8   0x08001db8   0x00000006   Code   RO          380    i.LCDController     main.o
    0x08001dbe   0x08001dbe   0x00000002   PAD
    0x08001dc0   0x08001dc0   0x00000048   Code   RO           13    i.LiquidCrystal     liquidcrystal.o
    0x08001e08   0x08001e08   0x000000f4   Code   RO          381    i.MX_GPIO_Init      main.o
    0x08001efc   0x08001efc   0x00000070   Code   RO          382    i.MX_RTC_Init       main.o
    0x08001f6c   0x08001f6c   0x00000002   Code   RO          629    i.MemManage_Handler  stm32f4xx_it.o
    0x08001f6e   0x08001f6e   0x00000002   Code   RO          630    i.NMI_Handler       stm32f4xx_it.o
    0x08001f70   0x08001f70   0x00000020   Code   RO         3120    i.NVIC_SetPriority  stm32f4xx_hal_cortex.o
    0x08001f90   0x08001f90   0x00000024   Code   RO          383    i.RTCController     main.o
    0x08001fb4   0x08001fb4   0x00000048   Code   RO          384    i.RTCInitialization  main.o
    0x08001ffc   0x08001ffc   0x00000012   Code   RO          819    i.RTC_Bcd2ToByte    stm32f4xx_hal_rtc.o
    0x0800200e   0x0800200e   0x00000016   Code   RO          820    i.RTC_ByteToBcd2    stm32f4xx_hal_rtc.o
    0x08002024   0x08002024   0x0000003a   Code   RO          821    i.RTC_EnterInitMode  stm32f4xx_hal_rtc.o
    0x0800205e   0x0800205e   0x00000008   Code   RO          385    i.StartDefaultTask  main.o
    0x08002066   0x08002066   0x00000002   PAD
    0x08002068   0x08002068   0x0000002c   Code   RO         4552    i.SysTick_Handler   port.o
    0x08002094   0x08002094   0x0000009c   Code   RO          386    i.SystemClock_Config  main.o
    0x08002130   0x08002130   0x00000054   Code   RO         3409    i.SystemInit        system_stm32f4xx.o
    0x08002184   0x08002184   0x0000000c   Code   RO          631    i.TIM6_DAC_IRQHandler  stm32f4xx_it.o
    0x08002190   0x08002190   0x000000c0   Code   RO         1253    i.TIM_Base_SetConfig  stm32f4xx_hal_tim.o
    0x08002250   0x08002250   0x00000010   Code   RO         2075    i.UART_DMAAbortOnError  stm32f4xx_hal_uart.o
    0x08002260   0x08002260   0x0000001c   Code   RO         2085    i.UART_EndRxTransfer  stm32f4xx_hal_uart.o
    0x0800227c   0x0800227c   0x0000008c   Code   RO         2087    i.UART_Receive_IT   stm32f4xx_hal_uart.o
    0x08002308   0x08002308   0x000002ac   Code   RO         2088    i.UART_SetConfig    stm32f4xx_hal_uart.o
    0x080025b4   0x080025b4   0x00000062   Code   RO         2089    i.UART_Transmit_IT  stm32f4xx_hal_uart.o
    0x08002616   0x08002616   0x00000064   Code   RO         2090    i.UART_WaitOnFlagUntilTimeout  stm32f4xx_hal_uart.o
    0x0800267a   0x0800267a   0x00000002   PAD
    0x0800267c   0x0800267c   0x0000000c   Code   RO          632    i.USART2_IRQHandler  stm32f4xx_it.o
    0x08002688   0x08002688   0x0000000c   Code   RO          633    i.USART3_IRQHandler  stm32f4xx_it.o
    0x08002694   0x08002694   0x00000002   Code   RO          634    i.UsageFault_Handler  stm32f4xx_it.o
    0x08002696   0x08002696   0x00000002   PAD
    0x08002698   0x08002698   0x0000001c   Code   RO          387    i.WebPanelController  main.o
    0x080026b4   0x080026b4   0x00000020   Code   RO         4796    i.__0printf$6       mc_w.l(printf6.o)
    0x080026d4   0x080026d4   0x00000028   Code   RO         4798    i.__0sprintf$6      mc_w.l(printf6.o)
    0x080026fc   0x080026fc   0x0000000e   Code   RO         4942    i.__scatterload_copy  mc_w.l(handlers.o)
    0x0800270a   0x0800270a   0x00000002   Code   RO         4943    i.__scatterload_null  mc_w.l(handlers.o)
    0x0800270c   0x0800270c   0x0000000e   Code   RO         4944    i.__scatterload_zeroinit  mc_w.l(handlers.o)
    0x0800271a   0x0800271a   0x00000002   PAD
    0x0800271c   0x0800271c   0x000002f0   Code   RO         4803    i._printf_core      mc_w.l(printf6.o)
    0x08002a0c   0x08002a0c   0x00000024   Code   RO         4804    i._printf_post_padding  mc_w.l(printf6.o)
    0x08002a30   0x08002a30   0x0000002e   Code   RO         4805    i._printf_pre_padding  mc_w.l(printf6.o)
    0x08002a5e   0x08002a5e   0x0000000a   Code   RO         4807    i._sputc            mc_w.l(printf6.o)
    0x08002a68   0x08002a68   0x000000dc   Code   RO          388    i.atCommound        main.o
    0x08002b44   0x08002b44   0x00000138   Code   RO           15    i.begin             liquidcrystal.o
    0x08002c7c   0x08002c7c   0x00000012   Code   RO           17    i.clear             liquidcrystal.o
    0x08002c8e   0x08002c8e   0x00000006   Code   RO          181    i.command           liquidcrystal.o
    0x08002c94   0x08002c94   0x00000018   Code   RO           20    i.display           liquidcrystal.o
    0x08002cac   0x08002cac   0x0000007c   Code   RO          389    i.eepromGetId       main.o
    0x08002d28   0x08002d28   0x000000b0   Code   RO           21    i.enableClock       liquidcrystal.o
    0x08002dd8   0x08002dd8   0x00000018   Code   RO          390    i.fputc             main.o
    0x08002df0   0x08002df0   0x0000000c   Code   RO         4127    i.inHandlerMode     cmsis_os.o
    0x08002dfc   0x08002dfc   0x00000050   Code   RO           23    i.init              liquidcrystal.o
    0x08002e4c   0x08002e4c   0x0000000c   Code   RO          391    i.keypadController  main.o
    0x08002e58   0x08002e58   0x00000138   Code   RO          392    i.main              main.o
    0x08002f90   0x08002f90   0x0000000c   Code   RO         4129    i.makeFreeRtosPriority  cmsis_os.o
    0x08002f9c   0x08002f9c   0x000003ac   Code   RO          393    i.manageKeypad      main.o
    0x08003348   0x08003348   0x0000000e   Code   RO         4131    i.osDelay           cmsis_os.o
    0x08003356   0x08003356   0x0000000a   Code   RO         4134    i.osKernelStart     cmsis_os.o
    0x08003360   0x08003360   0x00000026   Code   RO         4160    i.osSemaphoreCreate  cmsis_os.o
    0x08003386   0x08003386   0x0000002e   Code   RO         4168    i.osThreadCreate    cmsis_os.o
    0x080033b4   0x080033b4   0x00000024   Code   RO         4179    i.osTimerCreate     cmsis_os.o
    0x080033d8   0x080033d8   0x0000005c   Code   RO         4181    i.osTimerStart      cmsis_os.o
    0x08003434   0x08003434   0x00000058   Code   RO         4182    i.osTimerStop       cmsis_os.o
    0x0800348c   0x0800348c   0x00000028   Code   RO           29    i.print             liquidcrystal.o
    0x080034b4   0x080034b4   0x00000070   Code   RO         3724    i.prvAddCurrentTaskToDelayedList  tasks.o
    0x08003524   0x08003524   0x000000d0   Code   RO         3725    i.prvAddNewTaskToReadyList  tasks.o
    0x080035f4   0x080035f4   0x00000050   Code   RO         4010    i.prvCheckForValidListAndQueue  timers.o
    0x08003644   0x08003644   0x00000050   Code   RO         3726    i.prvCheckTasksWaitingTermination  tasks.o
    0x08003694   0x08003694   0x00000026   Code   RO         3578    i.prvCopyDataFromQueue  queue.o
    0x080036ba   0x080036ba   0x0000006c   Code   RO         3579    i.prvCopyDataToQueue  queue.o
    0x08003726   0x08003726   0x00000014   Code   RO         3727    i.prvDeleteTCB      tasks.o
    0x0800373a   0x0800373a   0x00000002   PAD
    0x0800373c   0x0800373c   0x0000004c   Code   RO         4502    i.prvHeapInit       heap_4.o
    0x08003788   0x08003788   0x00000028   Code   RO         3728    i.prvIdleTask       tasks.o
    0x080037b0   0x080037b0   0x0000008e   Code   RO         3729    i.prvInitialiseNewTask  tasks.o
    0x0800383e   0x0800383e   0x00000002   PAD
    0x08003840   0x08003840   0x0000004c   Code   RO         4503    i.prvInsertBlockIntoFreeList  heap_4.o
    0x0800388c   0x0800388c   0x00000038   Code   RO         4011    i.prvInsertTimerInActiveList  timers.o
    0x080038c4   0x080038c4   0x0000001c   Code   RO         3580    i.prvIsQueueEmpty   queue.o
    0x080038e0   0x080038e0   0x000000b8   Code   RO         4012    i.prvProcessReceivedCommands  timers.o
    0x08003998   0x08003998   0x000000b4   Code   RO         4013    i.prvProcessTimerOrBlockTask  timers.o
    0x08003a4c   0x08003a4c   0x00000020   Code   RO         3730    i.prvResetNextTaskUnblockTime  tasks.o
    0x08003a6c   0x08003a6c   0x00000028   Code   RO         4014    i.prvSampleTimeNow  timers.o
    0x08003a94   0x08003a94   0x0000006c   Code   RO         4015    i.prvSwitchTimerLists  timers.o
    0x08003b00   0x08003b00   0x00000028   Code   RO         4553    i.prvTaskExitError  port.o
    0x08003b28   0x08003b28   0x00000024   Code   RO         4016    i.prvTimerTask      timers.o
    0x08003b4c   0x08003b4c   0x0000006a   Code   RO         3581    i.prvUnlockQueue    queue.o
    0x08003bb6   0x08003bb6   0x00000002   PAD
    0x08003bb8   0x08003bb8   0x0000003c   Code   RO           30    i.pulseEnable       liquidcrystal.o
    0x08003bf4   0x08003bf4   0x000000d8   Code   RO         4504    i.pvPortMalloc      heap_4.o
    0x08003ccc   0x08003ccc   0x00000018   Code   RO         3732    i.pvTaskIncrementMutexHeldCount  tasks.o
    0x08003ce4   0x08003ce4   0x0000002c   Code   RO         4554    i.pxPortInitialiseStack  port.o
    0x08003d10   0x08003d10   0x00000044   Code   RO           34    i.send              liquidcrystal.o
    0x08003d54   0x08003d54   0x00000028   Code   RO           35    i.setCursor         liquidcrystal.o
    0x08003d7c   0x08003d7c   0x000000d0   Code   RO          394    i.setRTC            main.o
    0x08003e4c   0x08003e4c   0x00000014   Code   RO           36    i.setRowOffsets     liquidcrystal.o
    0x08003e60   0x08003e60   0x0000004c   Code   RO          395    i.startPage         main.o
    0x08003eac   0x08003eac   0x00000024   Code   RO         3541    i.uxListRemove      list.o
    0x08003ed0   0x08003ed0   0x00000016   Code   RO         3542    i.vListInitialise   list.o
    0x08003ee6   0x08003ee6   0x00000006   Code   RO         3543    i.vListInitialiseItem  list.o
    0x08003eec   0x08003eec   0x00000030   Code   RO         3544    i.vListInsert       list.o
    0x08003f1c   0x08003f1c   0x00000018   Code   RO         3545    i.vListInsertEnd    list.o
    0x08003f34   0x08003f34   0x00000040   Code   RO         4556    i.vPortEnterCritical  port.o
    0x08003f74   0x08003f74   0x00000028   Code   RO         4557    i.vPortExitCritical  port.o
    0x08003f9c   0x08003f9c   0x0000005c   Code   RO         4505    i.vPortFree         heap_4.o
    0x08003ff8   0x08003ff8   0x00000020   Code   RO         4558    i.vPortSetupTimerInterrupt  port.o
    0x08004018   0x08004018   0x00000054   Code   RO         4559    i.vPortValidateInterruptPriority  port.o
    0x0800406c   0x0800406c   0x00000028   Code   RO         3585    i.vQueueAddToRegistry  queue.o
    0x08004094   0x08004094   0x00000044   Code   RO         3588    i.vQueueWaitForMessageRestricted  queue.o
    0x080040d8   0x080040d8   0x0000004c   Code   RO         3738    i.vTaskDelay        tasks.o
    0x08004124   0x08004124   0x0000000c   Code   RO         3741    i.vTaskMissedYield  tasks.o
    0x08004130   0x08004130   0x00000030   Code   RO         3743    i.vTaskPlaceOnEventList  tasks.o
    0x08004160   0x08004160   0x00000038   Code   RO         3744    i.vTaskPlaceOnEventListRestricted  tasks.o
    0x08004198   0x08004198   0x00000084   Code   RO         3746    i.vTaskPriorityInherit  tasks.o
    0x0800421c   0x0800421c   0x00000024   Code   RO         3749    i.vTaskSetTimeOutState  tasks.o
    0x08004240   0x08004240   0x00000070   Code   RO         3750    i.vTaskStartScheduler  tasks.o
    0x080042b0   0x080042b0   0x00000010   Code   RO         3752    i.vTaskSuspendAll   tasks.o
    0x080042c0   0x080042c0   0x0000005c   Code   RO         3753    i.vTaskSwitchContext  tasks.o
    0x0800431c   0x0800431c   0x0000000c   Code   RO          186    i.write             liquidcrystal.o
    0x08004328   0x08004328   0x00000034   Code   RO           37    i.write4bits        liquidcrystal.o
    0x0800435c   0x0800435c   0x00000034   Code   RO           38    i.write8bits        liquidcrystal.o
    0x08004390   0x08004390   0x000000e0   Code   RO         4560    i.xPortStartScheduler  port.o
    0x08004470   0x08004470   0x00000048   Code   RO         3590    i.xQueueGenericCreate  queue.o
    0x080044b8   0x080044b8   0x0000016c   Code   RO         3591    i.xQueueGenericReceive  queue.o
    0x08004624   0x08004624   0x00000088   Code   RO         3592    i.xQueueGenericReset  queue.o
    0x080046ac   0x080046ac   0x00000160   Code   RO         3593    i.xQueueGenericSend  queue.o
    0x0800480c   0x0800480c   0x000000bc   Code   RO         3594    i.xQueueGenericSendFromISR  queue.o
    0x080048c8   0x080048c8   0x0000006c   Code   RO         3754    i.xTaskCheckForTimeOut  tasks.o
    0x08004934   0x08004934   0x00000056   Code   RO         3755    i.xTaskCreate       tasks.o
    0x0800498a   0x0800498a   0x00000002   PAD
    0x0800498c   0x0800498c   0x0000001c   Code   RO         3759    i.xTaskGetSchedulerState  tasks.o
    0x080049a8   0x080049a8   0x0000000c   Code   RO         3760    i.xTaskGetTickCount  tasks.o
    0x080049b4   0x080049b4   0x000000c8   Code   RO         3762    i.xTaskIncrementTick  tasks.o
    0x08004a7c   0x08004a7c   0x00000098   Code   RO         3765    i.xTaskPriorityDisinherit  tasks.o
    0x08004b14   0x08004b14   0x00000074   Code   RO         3766    i.xTaskRemoveFromEventList  tasks.o
    0x08004b88   0x08004b88   0x000000c4   Code   RO         3768    i.xTaskResumeAll    tasks.o
    0x08004c4c   0x08004c4c   0x0000004e   Code   RO         4019    i.xTimerCreate      timers.o
    0x08004c9a   0x08004c9a   0x00000002   PAD
    0x08004c9c   0x08004c9c   0x00000048   Code   RO         4020    i.xTimerCreateTimerTask  timers.o
    0x08004ce4   0x08004ce4   0x00000060   Code   RO         4021    i.xTimerGenericCommand  timers.o
    0x08004d44   0x08004d44   0x00000090   Data   RO          400    .constdata          main.o
    0x08004dd4   0x08004dd4   0x00000010   Data   RO         3410    .constdata          system_stm32f4xx.o
    0x08004de4   0x08004de4   0x00000008   Data   RO         3411    .constdata          system_stm32f4xx.o
    0x08004dec   0x08004dec   0x00000028   Data   RO          401    .conststring        main.o
    0x08004e14   0x08004e14   0x00000020   Data   RO         4940    Region$$Table       anon$$obj.o


    Execution Region RW_IRAM1 (Exec base: 0x20000000, Load base: 0x08004e34, Size: 0x000043f0, Max: 0x00020000, ABSOLUTE)

    Exec Addr    Load Addr    Size         Type   Attr      Idx    E Section Name        Object

    0x20000000   0x08004e34   0x00000014   Data   RW           40    .data               liquidcrystal.o
    0x20000014   0x08004e48   0x00000002   Data   RW          315    .data               eeprom.o
    0x20000016   0x08004e4a   0x00000002   PAD
    0x20000018   0x08004e4c   0x00000042   Data   RW          404    .data               main.o
    0x2000005a   0x08004e8e   0x00000003   Data   RW          635    .data               stm32f4xx_it.o
    0x2000005d   0x08004e91   0x00000003   PAD
    0x20000060   0x08004e94   0x0000000c   Data   RW         3262    .data               stm32f4xx_hal.o
    0x2000006c   0x08004ea0   0x00000004   Data   RW         3412    .data               system_stm32f4xx.o
    0x20000070   0x08004ea4   0x0000003c   Data   RW         3771    .data               tasks.o
    0x200000ac   0x08004ee0   0x00000014   Data   RW         4027    .data               timers.o
    0x200000c0   0x08004ef4   0x00000018   Data   RW         4510    .data               heap_4.o
    0x200000d8   0x08004f0c   0x0000000c   Data   RW         4561    .data               port.o
    0x200000e4   0x08004f18   0x00000004   Data   RW         4916    .data               mc_w.l(stdout.o)
    0x200000e8        -       0x00000010   Zero   RW           39    .bss                liquidcrystal.o
    0x200000f8        -       0x00000140   Zero   RW          396    .bss                main.o
    0x20000238        -       0x0000003c   Zero   RW          766    .bss                stm32f4xx_hal_timebase_tim.o
    0x20000274        -       0x00000020   Zero   RW         2536    .bss                stm32f4xx_hal_flash.o
    0x20000294        -       0x00000040   Zero   RW         3600    .bss                queue.o
    0x200002d4        -       0x000000f0   Zero   RW         3770    .bss                tasks.o
    0x200003c4        -       0x00000028   Zero   RW         4026    .bss                timers.o
    0x200003ec        -       0x00003c00   Zero   RW         4509    .bss                heap_4.o
    0x20003fec   0x08004f1c   0x00000004   PAD
    0x20003ff0        -       0x00000400   Zero   RW            1    STACK               startup_stm32f407xx.o


==============================================================================

Image component sizes


      Code (inc. data)   RO Data    RW Data    ZI Data      Debug   Object Name

       348         16          0          0          0      18054   cmsis_os.o
       960         72          0          2          0       7189   eeprom.o
         0          0          0          0          0       9560   event_groups.o
       460         24          0         24      15360       4847   heap_4.o
      1032        100          0         20         16     709391   liquidcrystal.o
       136          0          0          0          0       3614   list.o
      2726        526        184         66        320      35062   main.o
       758         84          0         12          0      12033   port.o
      1500         20          0          0         64      14265   queue.o
        36          8        392          0       1024        848   startup_stm32f407xx.o
       116         18          0         12          0       3958   stm32f4xx_hal.o
       190         24          0          0          0      30305   stm32f4xx_hal_cortex.o
        36          0          0          0          0       1239   stm32f4xx_hal_dma.o
       516         66          0          0         32       6722   stm32f4xx_hal_flash.o
       356         24          0          0          0       4058   stm32f4xx_hal_flash_ex.o
       486         50          0          0          0       4952   stm32f4xx_hal_gpio.o
       272         34          0          0          0       2259   stm32f4xx_hal_msp.o
      1324         86          0          0          0       5885   stm32f4xx_hal_rcc.o
       316         20          0          0          0       1416   stm32f4xx_hal_rcc_ex.o
       764         16          0          0          0       6040   stm32f4xx_hal_rtc.o
       638         44          0          0          0       7162   stm32f4xx_hal_tim.o
         4          0          0          0          0       1646   stm32f4xx_hal_tim_ex.o
       116         16          0          0         60       1435   stm32f4xx_hal_timebase_tim.o
      1628         14          0          0          0       9691   stm32f4xx_hal_uart.o
       192         38          0          3          0       5610   stm32f4xx_it.o
        84         18         24          4          0       1195   system_stm32f4xx.o
      2136        182          0         60        240      24223   tasks.o
       930         78          0         20         40      19222   timers.o

    ----------------------------------------------------------------------
     18092       1578        632        228      17160     951881   Object Totals
         0          0         32          0          0          0   (incl. Generated)
        32          0          0          5          4          0   (incl. Padding)

    ----------------------------------------------------------------------

      Code (inc. data)   RO Data    RW Data    ZI Data      Debug   Library Member Name

         0          0          0          0          0          0   entry.o
         0          0          0          0          0          0   entry10a.o
         0          0          0          0          0          0   entry11a.o
         8          4          0          0          0          0   entry2.o
         4          0          0          0          0          0   entry5.o
         0          0          0          0          0          0   entry7b.o
         0          0          0          0          0          0   entry8b.o
         8          4          0          0          0          0   entry9a.o
        30          0          0          0          0          0   handlers.o
        36          8          0          0          0         68   init.o
        30          0          0          0          0         68   llshl.o
        32          0          0          0          0         68   llushr.o
        36          0          0          0          0         68   memcpya.o
        36          0          0          0          0        108   memseta.o
       916         20          0          0          0        504   printf6.o
         0          0          0          4          0          0   stdout.o
        14          0          0          0          0         68   strlen.o
        44          0          0          0          0         80   uidiv.o
        98          0          0          0          0         92   uldiv.o

    ----------------------------------------------------------------------
      1296         36          0          4          0       1124   Library Totals
         4          0          0          0          0          0   (incl. Padding)

    ----------------------------------------------------------------------

      Code (inc. data)   RO Data    RW Data    ZI Data      Debug   Library Name

      1292         36          0          4          0       1124   mc_w.l

    ----------------------------------------------------------------------
      1296         36          0          4          0       1124   Library Totals

    ----------------------------------------------------------------------

==============================================================================


      Code (inc. data)   RO Data    RW Data    ZI Data      Debug   

     19388       1614        632        232      17160     933589   Grand Totals
     19388       1614        632        232      17160     933589   ELF Image Totals
     19388       1614        632        232          0          0   ROM Totals

==============================================================================

    Total RO  Size (Code + RO Data)                20020 (  19.55kB)
    Total RW  Size (RW Data + ZI Data)             17392 (  16.98kB)
    Total ROM Size (Code + RO Data + RW Data)      20252 (  19.78kB)

==============================================================================

